Archive member included because of file (symbol)

e:/cources/embeded_system/imt_school cource/01- avr/00-tools/01-imt sdk/copy of imt_sdk_win_64/imt_sdk_win_64/winavr/bin/../lib/gcc/avr/4.3.3/avr5\libgcc.a(_udivmodqi4.o)
                              ./mian.o (__udivmodqi4)
e:/cources/embeded_system/imt_school cource/01- avr/00-tools/01-imt sdk/copy of imt_sdk_win_64/imt_sdk_win_64/winavr/bin/../lib/gcc/avr/4.3.3/avr5\libgcc.a(_udivmodsi4.o)
                              ./LCD_Program.o (__udivmodsi4)
e:/cources/embeded_system/imt_school cource/01- avr/00-tools/01-imt sdk/copy of imt_sdk_win_64/imt_sdk_win_64/winavr/bin/../lib/gcc/avr/4.3.3/avr5\libgcc.a(_exit.o)
                              e:/cources/embeded_system/imt_school cource/01- avr/00-tools/01-imt sdk/copy of imt_sdk_win_64/imt_sdk_win_64/winavr/bin/../lib/gcc/avr/4.3.3/../../../../avr/lib/avr5/crtm32.o (exit)
e:/cources/embeded_system/imt_school cource/01- avr/00-tools/01-imt sdk/copy of imt_sdk_win_64/imt_sdk_win_64/winavr/bin/../lib/gcc/avr/4.3.3/avr5\libgcc.a(_copy_data.o)
                              ./KPD_program.o (__do_copy_data)
e:/cources/embeded_system/imt_school cource/01- avr/00-tools/01-imt sdk/copy of imt_sdk_win_64/imt_sdk_win_64/winavr/bin/../lib/gcc/avr/4.3.3/avr5\libgcc.a(_clear_bss.o)
                              ./mian.o (__do_clear_bss)
e:/cources/embeded_system/imt_school cource/01- avr/00-tools/01-imt sdk/copy of imt_sdk_win_64/imt_sdk_win_64/winavr/bin/../lib/gcc/avr/4.3.3/avr5\libgcc.a(_fixunssfsi.o)
                              ./KPD_program.o (__fixunssfsi)
e:/cources/embeded_system/imt_school cource/01- avr/00-tools/01-imt sdk/copy of imt_sdk_win_64/imt_sdk_win_64/winavr/bin/../lib/gcc/avr/4.3.3/avr5\libgcc.a(_addsub_sf.o)
                              e:/cources/embeded_system/imt_school cource/01- avr/00-tools/01-imt sdk/copy of imt_sdk_win_64/imt_sdk_win_64/winavr/bin/../lib/gcc/avr/4.3.3/avr5\libgcc.a(_fixunssfsi.o) (__subsf3)
e:/cources/embeded_system/imt_school cource/01- avr/00-tools/01-imt sdk/copy of imt_sdk_win_64/imt_sdk_win_64/winavr/bin/../lib/gcc/avr/4.3.3/avr5\libgcc.a(_mul_sf.o)
                              ./KPD_program.o (__mulsf3)
e:/cources/embeded_system/imt_school cource/01- avr/00-tools/01-imt sdk/copy of imt_sdk_win_64/imt_sdk_win_64/winavr/bin/../lib/gcc/avr/4.3.3/avr5\libgcc.a(_div_sf.o)
                              ./LCD_Program.o (__divsf3)
e:/cources/embeded_system/imt_school cource/01- avr/00-tools/01-imt sdk/copy of imt_sdk_win_64/imt_sdk_win_64/winavr/bin/../lib/gcc/avr/4.3.3/avr5\libgcc.a(_gt_sf.o)
                              ./KPD_program.o (__gtsf2)
e:/cources/embeded_system/imt_school cource/01- avr/00-tools/01-imt sdk/copy of imt_sdk_win_64/imt_sdk_win_64/winavr/bin/../lib/gcc/avr/4.3.3/avr5\libgcc.a(_ge_sf.o)
                              e:/cources/embeded_system/imt_school cource/01- avr/00-tools/01-imt sdk/copy of imt_sdk_win_64/imt_sdk_win_64/winavr/bin/../lib/gcc/avr/4.3.3/avr5\libgcc.a(_fixunssfsi.o) (__gesf2)
e:/cources/embeded_system/imt_school cource/01- avr/00-tools/01-imt sdk/copy of imt_sdk_win_64/imt_sdk_win_64/winavr/bin/../lib/gcc/avr/4.3.3/avr5\libgcc.a(_lt_sf.o)
                              ./KPD_program.o (__ltsf2)
e:/cources/embeded_system/imt_school cource/01- avr/00-tools/01-imt sdk/copy of imt_sdk_win_64/imt_sdk_win_64/winavr/bin/../lib/gcc/avr/4.3.3/avr5\libgcc.a(_sf_to_si.o)
                              e:/cources/embeded_system/imt_school cource/01- avr/00-tools/01-imt sdk/copy of imt_sdk_win_64/imt_sdk_win_64/winavr/bin/../lib/gcc/avr/4.3.3/avr5\libgcc.a(_fixunssfsi.o) (__fixsfsi)
e:/cources/embeded_system/imt_school cource/01- avr/00-tools/01-imt sdk/copy of imt_sdk_win_64/imt_sdk_win_64/winavr/bin/../lib/gcc/avr/4.3.3/avr5\libgcc.a(_thenan_sf.o)
                              e:/cources/embeded_system/imt_school cource/01- avr/00-tools/01-imt sdk/copy of imt_sdk_win_64/imt_sdk_win_64/winavr/bin/../lib/gcc/avr/4.3.3/avr5\libgcc.a(_addsub_sf.o) (__thenan_sf)
e:/cources/embeded_system/imt_school cource/01- avr/00-tools/01-imt sdk/copy of imt_sdk_win_64/imt_sdk_win_64/winavr/bin/../lib/gcc/avr/4.3.3/avr5\libgcc.a(_prologue.o)
                              e:/cources/embeded_system/imt_school cource/01- avr/00-tools/01-imt sdk/copy of imt_sdk_win_64/imt_sdk_win_64/winavr/bin/../lib/gcc/avr/4.3.3/avr5\libgcc.a(_addsub_sf.o) (__prologue_saves__)
e:/cources/embeded_system/imt_school cource/01- avr/00-tools/01-imt sdk/copy of imt_sdk_win_64/imt_sdk_win_64/winavr/bin/../lib/gcc/avr/4.3.3/avr5\libgcc.a(_epilogue.o)
                              e:/cources/embeded_system/imt_school cource/01- avr/00-tools/01-imt sdk/copy of imt_sdk_win_64/imt_sdk_win_64/winavr/bin/../lib/gcc/avr/4.3.3/avr5\libgcc.a(_addsub_sf.o) (__epilogue_restores__)
e:/cources/embeded_system/imt_school cource/01- avr/00-tools/01-imt sdk/copy of imt_sdk_win_64/imt_sdk_win_64/winavr/bin/../lib/gcc/avr/4.3.3/avr5\libgcc.a(_pack_sf.o)
                              e:/cources/embeded_system/imt_school cource/01- avr/00-tools/01-imt sdk/copy of imt_sdk_win_64/imt_sdk_win_64/winavr/bin/../lib/gcc/avr/4.3.3/avr5\libgcc.a(_addsub_sf.o) (__pack_f)
e:/cources/embeded_system/imt_school cource/01- avr/00-tools/01-imt sdk/copy of imt_sdk_win_64/imt_sdk_win_64/winavr/bin/../lib/gcc/avr/4.3.3/avr5\libgcc.a(_unpack_sf.o)
                              e:/cources/embeded_system/imt_school cource/01- avr/00-tools/01-imt sdk/copy of imt_sdk_win_64/imt_sdk_win_64/winavr/bin/../lib/gcc/avr/4.3.3/avr5\libgcc.a(_addsub_sf.o) (__unpack_f)
e:/cources/embeded_system/imt_school cource/01- avr/00-tools/01-imt sdk/copy of imt_sdk_win_64/imt_sdk_win_64/winavr/bin/../lib/gcc/avr/4.3.3/avr5\libgcc.a(_fpcmp_parts_sf.o)
                              e:/cources/embeded_system/imt_school cource/01- avr/00-tools/01-imt sdk/copy of imt_sdk_win_64/imt_sdk_win_64/winavr/bin/../lib/gcc/avr/4.3.3/avr5\libgcc.a(_gt_sf.o) (__fpcmp_parts_f)
e:/cources/embeded_system/imt_school cource/01- avr/00-tools/01-imt sdk/copy of imt_sdk_win_64/imt_sdk_win_64/winavr/bin/../lib/gcc/avr/4.3.3/../../../../avr/lib/avr5\libc.a(itoa.o)
                              ./LCD_Program.o (itoa)
e:/cources/embeded_system/imt_school cource/01- avr/00-tools/01-imt sdk/copy of imt_sdk_win_64/imt_sdk_win_64/winavr/bin/../lib/gcc/avr/4.3.3/../../../../avr/lib/avr5\libc.a(strrev.o)
                              e:/cources/embeded_system/imt_school cource/01- avr/00-tools/01-imt sdk/copy of imt_sdk_win_64/imt_sdk_win_64/winavr/bin/../lib/gcc/avr/4.3.3/../../../../avr/lib/avr5\libc.a(itoa.o) (strrev)
e:/cources/embeded_system/imt_school cource/01- avr/00-tools/01-imt sdk/copy of imt_sdk_win_64/imt_sdk_win_64/winavr/bin/../lib/gcc/avr/4.3.3/avr5\libgcc.a(_udivmodhi4.o)
                              e:/cources/embeded_system/imt_school cource/01- avr/00-tools/01-imt sdk/copy of imt_sdk_win_64/imt_sdk_win_64/winavr/bin/../lib/gcc/avr/4.3.3/../../../../avr/lib/avr5\libc.a(itoa.o) (__udivmodhi4)

Memory Configuration

Name             Origin             Length             Attributes
text             0x00000000         0x00020000         xr
data             0x00800060         0x0000ffa0         rw !x
eeprom           0x00810000         0x00010000         rw !x
fuse             0x00820000         0x00000400         rw !x
lock             0x00830000         0x00000400         rw !x
signature        0x00840000         0x00000400         rw !x
*default*        0x00000000         0xffffffff

Linker script and memory map

LOAD e:/cources/embeded_system/imt_school cource/01- avr/00-tools/01-imt sdk/copy of imt_sdk_win_64/imt_sdk_win_64/winavr/bin/../lib/gcc/avr/4.3.3/../../../../avr/lib/avr5/crtm32.o
LOAD ./DIO_Program.o
LOAD ./KPD_program.o
LOAD ./LCD_Program.o
LOAD ./Sevenseg_Program.o
LOAD ./gi_program.o
LOAD ./mian.o
LOAD ./timer_program.o
LOAD e:/cources/embeded_system/imt_school cource/01- avr/00-tools/01-imt sdk/copy of imt_sdk_win_64/imt_sdk_win_64/winavr/bin/../lib/gcc/avr/4.3.3/avr5\libgcc.a
LOAD e:/cources/embeded_system/imt_school cource/01- avr/00-tools/01-imt sdk/copy of imt_sdk_win_64/imt_sdk_win_64/winavr/bin/../lib/gcc/avr/4.3.3/../../../../avr/lib/avr5\libc.a
LOAD e:/cources/embeded_system/imt_school cource/01- avr/00-tools/01-imt sdk/copy of imt_sdk_win_64/imt_sdk_win_64/winavr/bin/../lib/gcc/avr/4.3.3/avr5\libgcc.a

.hash
 *(.hash)

.dynsym
 *(.dynsym)

.dynstr
 *(.dynstr)

.gnu.version
 *(.gnu.version)

.gnu.version_d
 *(.gnu.version_d)

.gnu.version_r
 *(.gnu.version_r)

.rel.init
 *(.rel.init)

.rela.init
 *(.rela.init)

.rel.text
 *(.rel.text)
 *(.rel.text.*)
 *(.rel.gnu.linkonce.t*)

.rela.text
 *(.rela.text)
 *(.rela.text.*)
 *(.rela.gnu.linkonce.t*)

.rel.fini
 *(.rel.fini)

.rela.fini
 *(.rela.fini)

.rel.rodata
 *(.rel.rodata)
 *(.rel.rodata.*)
 *(.rel.gnu.linkonce.r*)

.rela.rodata
 *(.rela.rodata)
 *(.rela.rodata.*)
 *(.rela.gnu.linkonce.r*)

.rel.data
 *(.rel.data)
 *(.rel.data.*)
 *(.rel.gnu.linkonce.d*)

.rela.data
 *(.rela.data)
 *(.rela.data.*)
 *(.rela.gnu.linkonce.d*)

.rel.ctors
 *(.rel.ctors)

.rela.ctors
 *(.rela.ctors)

.rel.dtors
 *(.rel.dtors)

.rela.dtors
 *(.rela.dtors)

.rel.got
 *(.rel.got)

.rela.got
 *(.rela.got)

.rel.bss
 *(.rel.bss)

.rela.bss
 *(.rela.bss)

.rel.plt
 *(.rel.plt)

.rela.plt
 *(.rela.plt)

.text           0x00000000     0x3cbc
 *(.vectors)
 .vectors       0x00000000       0x54 e:/cources/embeded_system/imt_school cource/01- avr/00-tools/01-imt sdk/copy of imt_sdk_win_64/imt_sdk_win_64/winavr/bin/../lib/gcc/avr/4.3.3/../../../../avr/lib/avr5/crtm32.o
                0x00000000                __vectors
                0x00000000                __vector_default
 *(.vectors)
 *(.progmem.gcc*)
 *(.progmem*)
                0x00000054                . = ALIGN (0x2)
                0x00000054                __trampolines_start = .
 *(.trampolines)
 .trampolines   0x00000054        0x0 linker stubs
 *(.trampolines*)
                0x00000054                __trampolines_end = .
 *(.jumptables)
 *(.jumptables*)
 *(.lowtext)
 *(.lowtext*)
                0x00000054                __ctors_start = .
 *(.ctors)
                0x00000054                __ctors_end = .
                0x00000054                __dtors_start = .
 *(.dtors)
                0x00000054                __dtors_end = .
 SORT(*)(.ctors)
 SORT(*)(.dtors)
 *(.init0)
 .init0         0x00000054        0x0 e:/cources/embeded_system/imt_school cource/01- avr/00-tools/01-imt sdk/copy of imt_sdk_win_64/imt_sdk_win_64/winavr/bin/../lib/gcc/avr/4.3.3/../../../../avr/lib/avr5/crtm32.o
                0x00000054                __init
 *(.init0)
 *(.init1)
 *(.init1)
 *(.init2)
 .init2         0x00000054        0xc e:/cources/embeded_system/imt_school cource/01- avr/00-tools/01-imt sdk/copy of imt_sdk_win_64/imt_sdk_win_64/winavr/bin/../lib/gcc/avr/4.3.3/../../../../avr/lib/avr5/crtm32.o
 *(.init2)
 *(.init3)
 *(.init3)
 *(.init4)
 .init4         0x00000060       0x16 e:/cources/embeded_system/imt_school cource/01- avr/00-tools/01-imt sdk/copy of imt_sdk_win_64/imt_sdk_win_64/winavr/bin/../lib/gcc/avr/4.3.3/avr5\libgcc.a(_copy_data.o)
                0x00000060                __do_copy_data
 .init4         0x00000076       0x10 e:/cources/embeded_system/imt_school cource/01- avr/00-tools/01-imt sdk/copy of imt_sdk_win_64/imt_sdk_win_64/winavr/bin/../lib/gcc/avr/4.3.3/avr5\libgcc.a(_clear_bss.o)
                0x00000076                __do_clear_bss
 *(.init4)
 *(.init5)
 *(.init5)
 *(.init6)
 *(.init6)
 *(.init7)
 *(.init7)
 *(.init8)
 *(.init8)
 *(.init9)
 .init9         0x00000086        0x8 e:/cources/embeded_system/imt_school cource/01- avr/00-tools/01-imt sdk/copy of imt_sdk_win_64/imt_sdk_win_64/winavr/bin/../lib/gcc/avr/4.3.3/../../../../avr/lib/avr5/crtm32.o
 *(.init9)
 *(.text)
 .text          0x0000008e        0x4 e:/cources/embeded_system/imt_school cource/01- avr/00-tools/01-imt sdk/copy of imt_sdk_win_64/imt_sdk_win_64/winavr/bin/../lib/gcc/avr/4.3.3/../../../../avr/lib/avr5/crtm32.o
                0x0000008e                __vector_1
                0x0000008e                __vector_12
                0x0000008e                __bad_interrupt
                0x0000008e                __vector_3
                0x0000008e                __vector_13
                0x0000008e                __vector_17
                0x0000008e                __vector_19
                0x0000008e                __vector_7
                0x0000008e                __vector_5
                0x0000008e                __vector_4
                0x0000008e                __vector_9
                0x0000008e                __vector_2
                0x0000008e                __vector_15
                0x0000008e                __vector_8
                0x0000008e                __vector_14
                0x0000008e                __vector_16
                0x0000008e                __vector_18
                0x0000008e                __vector_20
 .text          0x00000092        0x0 ./DIO_Program.o
 .text          0x00000092        0x0 ./KPD_program.o
 .text          0x00000092        0x0 ./LCD_Program.o
 .text          0x00000092        0x0 ./Sevenseg_Program.o
 .text          0x00000092        0x0 ./gi_program.o
 .text          0x00000092        0x0 ./mian.o
 .text          0x00000092        0x0 ./timer_program.o
 .text          0x00000092        0x0 e:/cources/embeded_system/imt_school cource/01- avr/00-tools/01-imt sdk/copy of imt_sdk_win_64/imt_sdk_win_64/winavr/bin/../lib/gcc/avr/4.3.3/avr5\libgcc.a(_udivmodqi4.o)
 .text          0x00000092        0x0 e:/cources/embeded_system/imt_school cource/01- avr/00-tools/01-imt sdk/copy of imt_sdk_win_64/imt_sdk_win_64/winavr/bin/../lib/gcc/avr/4.3.3/avr5\libgcc.a(_udivmodsi4.o)
 .text          0x00000092        0x0 e:/cources/embeded_system/imt_school cource/01- avr/00-tools/01-imt sdk/copy of imt_sdk_win_64/imt_sdk_win_64/winavr/bin/../lib/gcc/avr/4.3.3/avr5\libgcc.a(_exit.o)
 .text          0x00000092        0x0 e:/cources/embeded_system/imt_school cource/01- avr/00-tools/01-imt sdk/copy of imt_sdk_win_64/imt_sdk_win_64/winavr/bin/../lib/gcc/avr/4.3.3/avr5\libgcc.a(_copy_data.o)
 .text          0x00000092        0x0 e:/cources/embeded_system/imt_school cource/01- avr/00-tools/01-imt sdk/copy of imt_sdk_win_64/imt_sdk_win_64/winavr/bin/../lib/gcc/avr/4.3.3/avr5\libgcc.a(_clear_bss.o)
 .text          0x00000092       0x58 e:/cources/embeded_system/imt_school cource/01- avr/00-tools/01-imt sdk/copy of imt_sdk_win_64/imt_sdk_win_64/winavr/bin/../lib/gcc/avr/4.3.3/avr5\libgcc.a(_fixunssfsi.o)
                0x00000092                __fixunssfsi
 .text          0x000000ea      0x354 e:/cources/embeded_system/imt_school cource/01- avr/00-tools/01-imt sdk/copy of imt_sdk_win_64/imt_sdk_win_64/winavr/bin/../lib/gcc/avr/4.3.3/avr5\libgcc.a(_addsub_sf.o)
                0x00000382                __subsf3
                0x000003e4                __addsf3
 .text          0x0000043e      0x1f4 e:/cources/embeded_system/imt_school cource/01- avr/00-tools/01-imt sdk/copy of imt_sdk_win_64/imt_sdk_win_64/winavr/bin/../lib/gcc/avr/4.3.3/avr5\libgcc.a(_mul_sf.o)
                0x0000043e                __mulsf3
 .text          0x00000632      0x158 e:/cources/embeded_system/imt_school cource/01- avr/00-tools/01-imt sdk/copy of imt_sdk_win_64/imt_sdk_win_64/winavr/bin/../lib/gcc/avr/4.3.3/avr5\libgcc.a(_div_sf.o)
                0x00000632                __divsf3
 .text          0x0000078a       0x60 e:/cources/embeded_system/imt_school cource/01- avr/00-tools/01-imt sdk/copy of imt_sdk_win_64/imt_sdk_win_64/winavr/bin/../lib/gcc/avr/4.3.3/avr5\libgcc.a(_gt_sf.o)
                0x0000078a                __gtsf2
 .text          0x000007ea       0x60 e:/cources/embeded_system/imt_school cource/01- avr/00-tools/01-imt sdk/copy of imt_sdk_win_64/imt_sdk_win_64/winavr/bin/../lib/gcc/avr/4.3.3/avr5\libgcc.a(_ge_sf.o)
                0x000007ea                __gesf2
 .text          0x0000084a       0x60 e:/cources/embeded_system/imt_school cource/01- avr/00-tools/01-imt sdk/copy of imt_sdk_win_64/imt_sdk_win_64/winavr/bin/../lib/gcc/avr/4.3.3/avr5\libgcc.a(_lt_sf.o)
                0x0000084a                __ltsf2
 .text          0x000008aa       0xa8 e:/cources/embeded_system/imt_school cource/01- avr/00-tools/01-imt sdk/copy of imt_sdk_win_64/imt_sdk_win_64/winavr/bin/../lib/gcc/avr/4.3.3/avr5\libgcc.a(_sf_to_si.o)
                0x000008aa                __fixsfsi
 .text          0x00000952        0x0 e:/cources/embeded_system/imt_school cource/01- avr/00-tools/01-imt sdk/copy of imt_sdk_win_64/imt_sdk_win_64/winavr/bin/../lib/gcc/avr/4.3.3/avr5\libgcc.a(_thenan_sf.o)
 .text          0x00000952        0x0 e:/cources/embeded_system/imt_school cource/01- avr/00-tools/01-imt sdk/copy of imt_sdk_win_64/imt_sdk_win_64/winavr/bin/../lib/gcc/avr/4.3.3/avr5\libgcc.a(_prologue.o)
 .text          0x00000952        0x0 e:/cources/embeded_system/imt_school cource/01- avr/00-tools/01-imt sdk/copy of imt_sdk_win_64/imt_sdk_win_64/winavr/bin/../lib/gcc/avr/4.3.3/avr5\libgcc.a(_epilogue.o)
 .text          0x00000952      0x1aa e:/cources/embeded_system/imt_school cource/01- avr/00-tools/01-imt sdk/copy of imt_sdk_win_64/imt_sdk_win_64/winavr/bin/../lib/gcc/avr/4.3.3/avr5\libgcc.a(_pack_sf.o)
                0x00000952                __pack_f
 .text          0x00000afc       0xf0 e:/cources/embeded_system/imt_school cource/01- avr/00-tools/01-imt sdk/copy of imt_sdk_win_64/imt_sdk_win_64/winavr/bin/../lib/gcc/avr/4.3.3/avr5\libgcc.a(_unpack_sf.o)
                0x00000afc                __unpack_f
 .text          0x00000bec       0xb2 e:/cources/embeded_system/imt_school cource/01- avr/00-tools/01-imt sdk/copy of imt_sdk_win_64/imt_sdk_win_64/winavr/bin/../lib/gcc/avr/4.3.3/avr5\libgcc.a(_fpcmp_parts_sf.o)
                0x00000bec                __fpcmp_parts_f
 .text          0x00000c9e        0x0 e:/cources/embeded_system/imt_school cource/01- avr/00-tools/01-imt sdk/copy of imt_sdk_win_64/imt_sdk_win_64/winavr/bin/../lib/gcc/avr/4.3.3/../../../../avr/lib/avr5\libc.a(itoa.o)
 .text          0x00000c9e        0x0 e:/cources/embeded_system/imt_school cource/01- avr/00-tools/01-imt sdk/copy of imt_sdk_win_64/imt_sdk_win_64/winavr/bin/../lib/gcc/avr/4.3.3/../../../../avr/lib/avr5\libc.a(strrev.o)
 .text          0x00000c9e        0x0 e:/cources/embeded_system/imt_school cource/01- avr/00-tools/01-imt sdk/copy of imt_sdk_win_64/imt_sdk_win_64/winavr/bin/../lib/gcc/avr/4.3.3/avr5\libgcc.a(_udivmodhi4.o)
                0x00000c9e                . = ALIGN (0x2)
 *(.text.*)
 .text.DIO_voidInit
                0x00000c9e       0x48 ./DIO_Program.o
                0x00000c9e                DIO_voidInit
 .text.DIO_u8SetPinDirection
                0x00000ce6      0x262 ./DIO_Program.o
                0x00000ce6                DIO_u8SetPinDirection
 .text.DIO_u8SetPinValue
                0x00000f48      0x24c ./DIO_Program.o
                0x00000f48                DIO_u8SetPinValue
 .text.DIO_u8GetPinValue
                0x00001194      0x180 ./DIO_Program.o
                0x00001194                DIO_u8GetPinValue
 .text.DIO_u8SetPortDirection
                0x00001314      0x14c ./DIO_Program.o
                0x00001314                DIO_u8SetPortDirection
 .text.DIO_u8SetPortValue
                0x00001460       0x90 ./DIO_Program.o
                0x00001460                DIO_u8SetPortValue
 .text.DIO_u8GetPortValue
                0x000014f0       0xb0 ./DIO_Program.o
                0x000014f0                DIO_u8GetPortValue
 .text.KPD_u8GetKeyState
                0x000015a0      0x21e ./KPD_program.o
                0x000015a0                KPD_u8GetKeyState
 .text.LCD_voidInit
                0x000017be      0x6ca ./LCD_Program.o
                0x000017be                LCD_voidInit
 .text.LCD_voidSendInstruction
                0x00001e88      0x1d4 ./LCD_Program.o
                0x00001e88                LCD_voidSendInstruction
 .text.LCD_voidWriteChar
                0x0000205c      0x1d4 ./LCD_Program.o
                0x0000205c                LCD_voidWriteChar
 .text.LCD_voidSendString
                0x00002230       0x52 ./LCD_Program.o
                0x00002230                LCD_voidSendString
 .text.LCD_voidGotoXY
                0x00002282       0x42 ./LCD_Program.o
                0x00002282                LCD_voidGotoXY
 .text.LCD_voidClearDisplay
                0x000022c4       0x14 ./LCD_Program.o
                0x000022c4                LCD_voidClearDisplay
 .text.LCD_IntToString
                0x000022d8       0x34 ./LCD_Program.o
                0x000022d8                LCD_IntToString
 .text.LCD_voidWriteSpecialChar
                0x0000230c       0x80 ./LCD_Program.o
                0x0000230c                LCD_voidWriteSpecialChar
 .text.LCD_void_WriteNumber
                0x0000238c      0x11e ./LCD_Program.o
                0x0000238c                LCD_void_WriteNumber
 .text.Sev_voidDisplayNumber
                0x000024aa       0x2a ./Sevenseg_Program.o
                0x000024aa                Sev_voidDisplayNumber
 .text.GI_interrupt_void_enable
                0x000024d4       0x1c ./gi_program.o
                0x000024d4                GI_interrupt_void_enable
 .text.GI_interrupt_void_disable
                0x000024f0       0x1c ./gi_program.o
                0x000024f0                GI_interrupt_void_disable
 .text.main     0x0000250c      0x2cc ./mian.o
                0x0000250c                main
 .text.updata_TimeSecond
                0x000027d8       0x18 ./mian.o
                0x000027d8                updata_TimeSecond
 .text.display_void_timeclock
                0x000027f0      0x82c ./mian.o
                0x000027f0                display_void_timeclock
 .text.GetSetting_Clock
                0x0000301c      0x626 ./mian.o
                0x0000301c                GetSetting_Clock
 .text.UpdataSetting_Clock
                0x00003642       0xda ./mian.o
                0x00003642                UpdataSetting_Clock
 .text.TIMER_voidTimer0Init
                0x0000371c       0x78 ./timer_program.o
                0x0000371c                TIMER_voidTimer0Init
 .text.TIMER_u8Timer0SetCallBackOFV
                0x00003794       0x3a ./timer_program.o
                0x00003794                TIMER_u8Timer0SetCallBackOFV
 .text.__vector_11
                0x000037ce       0x98 ./timer_program.o
                0x000037ce                __vector_11
 .text.TIMER_u8Timer0SetCallBackOCR
                0x00003866       0x3a ./timer_program.o
                0x00003866                TIMER_u8Timer0SetCallBackOCR
 .text.__vector_10
                0x000038a0       0x90 ./timer_program.o
                0x000038a0                __vector_10
 .text.TIMER_voidTimer1Init
                0x00003930       0x70 ./timer_program.o
                0x00003930                TIMER_voidTimer1Init
 .text.TIMER_voidTimer0SetCompareValue
                0x000039a0       0x1c ./timer_program.o
                0x000039a0                TIMER_voidTimer0SetCompareValue
 .text.TIMER_voidTimer1ASetCompareValue
                0x000039bc       0x24 ./timer_program.o
                0x000039bc                TIMER_voidTimer1ASetCompareValue
 .text.TIMER_voidTimer1BSetCompareValue
                0x000039e0       0x24 ./timer_program.o
                0x000039e0                TIMER_voidTimer1BSetCompareValue
 .text.TIMER_voidTimer1SetInputCaptureValue
                0x00003a04       0x24 ./timer_program.o
                0x00003a04                TIMER_voidTimer1SetInputCaptureValue
 .text.ICU_voidInit
                0x00003a28       0x2a ./timer_program.o
                0x00003a28                ICU_voidInit
 .text.ICU_voidSetTrigger
                0x00003a52       0x56 ./timer_program.o
                0x00003a52                ICU_voidSetTrigger
 .text.ICU_u16ReadInputCapture
                0x00003aa8       0x16 ./timer_program.o
                0x00003aa8                ICU_u16ReadInputCapture
 .text.ICU_voidInterruptDisbale
                0x00003abe       0x1c ./timer_program.o
                0x00003abe                ICU_voidInterruptDisbale
 .text.ICU_voidSetCallBack
                0x00003ada       0x24 ./timer_program.o
                0x00003ada                ICU_voidSetCallBack
 .text.__vector_6
                0x00003afe       0x66 ./timer_program.o
                0x00003afe                __vector_6
 .text.libgcc   0x00003b64       0x18 e:/cources/embeded_system/imt_school cource/01- avr/00-tools/01-imt sdk/copy of imt_sdk_win_64/imt_sdk_win_64/winavr/bin/../lib/gcc/avr/4.3.3/avr5\libgcc.a(_udivmodqi4.o)
                0x00003b64                __udivmodqi4
 .text.libgcc   0x00003b7c       0x44 e:/cources/embeded_system/imt_school cource/01- avr/00-tools/01-imt sdk/copy of imt_sdk_win_64/imt_sdk_win_64/winavr/bin/../lib/gcc/avr/4.3.3/avr5\libgcc.a(_udivmodsi4.o)
                0x00003b7c                __udivmodsi4
 .text.libgcc   0x00003bc0        0x0 e:/cources/embeded_system/imt_school cource/01- avr/00-tools/01-imt sdk/copy of imt_sdk_win_64/imt_sdk_win_64/winavr/bin/../lib/gcc/avr/4.3.3/avr5\libgcc.a(_exit.o)
 .text.libgcc   0x00003bc0        0x0 e:/cources/embeded_system/imt_school cource/01- avr/00-tools/01-imt sdk/copy of imt_sdk_win_64/imt_sdk_win_64/winavr/bin/../lib/gcc/avr/4.3.3/avr5\libgcc.a(_copy_data.o)
 .text.libgcc   0x00003bc0        0x0 e:/cources/embeded_system/imt_school cource/01- avr/00-tools/01-imt sdk/copy of imt_sdk_win_64/imt_sdk_win_64/winavr/bin/../lib/gcc/avr/4.3.3/avr5\libgcc.a(_clear_bss.o)
 .text.libgcc   0x00003bc0       0x38 e:/cources/embeded_system/imt_school cource/01- avr/00-tools/01-imt sdk/copy of imt_sdk_win_64/imt_sdk_win_64/winavr/bin/../lib/gcc/avr/4.3.3/avr5\libgcc.a(_prologue.o)
                0x00003bc0                __prologue_saves__
 .text.libgcc   0x00003bf8       0x36 e:/cources/embeded_system/imt_school cource/01- avr/00-tools/01-imt sdk/copy of imt_sdk_win_64/imt_sdk_win_64/winavr/bin/../lib/gcc/avr/4.3.3/avr5\libgcc.a(_epilogue.o)
                0x00003bf8                __epilogue_restores__
 .text.avr-libc
                0x00003c2e       0x42 e:/cources/embeded_system/imt_school cource/01- avr/00-tools/01-imt sdk/copy of imt_sdk_win_64/imt_sdk_win_64/winavr/bin/../lib/gcc/avr/4.3.3/../../../../avr/lib/avr5\libc.a(itoa.o)
                0x00003c2e                itoa
 .text.avr-libc
                0x00003c70       0x20 e:/cources/embeded_system/imt_school cource/01- avr/00-tools/01-imt sdk/copy of imt_sdk_win_64/imt_sdk_win_64/winavr/bin/../lib/gcc/avr/4.3.3/../../../../avr/lib/avr5\libc.a(strrev.o)
                0x00003c70                strrev
 .text.libgcc   0x00003c90       0x28 e:/cources/embeded_system/imt_school cource/01- avr/00-tools/01-imt sdk/copy of imt_sdk_win_64/imt_sdk_win_64/winavr/bin/../lib/gcc/avr/4.3.3/avr5\libgcc.a(_udivmodhi4.o)
                0x00003c90                __udivmodhi4
                0x00003cb8                . = ALIGN (0x2)
 *(.fini9)
 .fini9         0x00003cb8        0x0 e:/cources/embeded_system/imt_school cource/01- avr/00-tools/01-imt sdk/copy of imt_sdk_win_64/imt_sdk_win_64/winavr/bin/../lib/gcc/avr/4.3.3/avr5\libgcc.a(_exit.o)
                0x00003cb8                exit
                0x00003cb8                _exit
 *(.fini9)
 *(.fini8)
 *(.fini8)
 *(.fini7)
 *(.fini7)
 *(.fini6)
 *(.fini6)
 *(.fini5)
 *(.fini5)
 *(.fini4)
 *(.fini4)
 *(.fini3)
 *(.fini3)
 *(.fini2)
 *(.fini2)
 *(.fini1)
 *(.fini1)
 *(.fini0)
 .fini0         0x00003cb8        0x4 e:/cources/embeded_system/imt_school cource/01- avr/00-tools/01-imt sdk/copy of imt_sdk_win_64/imt_sdk_win_64/winavr/bin/../lib/gcc/avr/4.3.3/avr5\libgcc.a(_exit.o)
 *(.fini0)
                0x00003cbc                _etext = .

.data           0x00800060       0xc8 load address 0x00003cbc
                0x00800060                PROVIDE (__data_start, .)
 *(.data)
 .data          0x00800060        0x0 e:/cources/embeded_system/imt_school cource/01- avr/00-tools/01-imt sdk/copy of imt_sdk_win_64/imt_sdk_win_64/winavr/bin/../lib/gcc/avr/4.3.3/../../../../avr/lib/avr5/crtm32.o
 .data          0x00800060        0x0 ./DIO_Program.o
 .data          0x00800060        0x0 ./KPD_program.o
 .data          0x00800060        0x0 ./LCD_Program.o
 .data          0x00800060        0x0 ./Sevenseg_Program.o
 .data          0x00800060        0x0 ./gi_program.o
 .data          0x00800060       0x98 ./mian.o
 .data          0x008000f8        0x0 ./timer_program.o
 .data          0x008000f8        0x0 e:/cources/embeded_system/imt_school cource/01- avr/00-tools/01-imt sdk/copy of imt_sdk_win_64/imt_sdk_win_64/winavr/bin/../lib/gcc/avr/4.3.3/avr5\libgcc.a(_udivmodqi4.o)
 .data          0x008000f8        0x0 e:/cources/embeded_system/imt_school cource/01- avr/00-tools/01-imt sdk/copy of imt_sdk_win_64/imt_sdk_win_64/winavr/bin/../lib/gcc/avr/4.3.3/avr5\libgcc.a(_udivmodsi4.o)
 .data          0x008000f8        0x0 e:/cources/embeded_system/imt_school cource/01- avr/00-tools/01-imt sdk/copy of imt_sdk_win_64/imt_sdk_win_64/winavr/bin/../lib/gcc/avr/4.3.3/avr5\libgcc.a(_exit.o)
 .data          0x008000f8        0x0 e:/cources/embeded_system/imt_school cource/01- avr/00-tools/01-imt sdk/copy of imt_sdk_win_64/imt_sdk_win_64/winavr/bin/../lib/gcc/avr/4.3.3/avr5\libgcc.a(_copy_data.o)
 .data          0x008000f8        0x0 e:/cources/embeded_system/imt_school cource/01- avr/00-tools/01-imt sdk/copy of imt_sdk_win_64/imt_sdk_win_64/winavr/bin/../lib/gcc/avr/4.3.3/avr5\libgcc.a(_clear_bss.o)
 .data          0x008000f8        0x0 e:/cources/embeded_system/imt_school cource/01- avr/00-tools/01-imt sdk/copy of imt_sdk_win_64/imt_sdk_win_64/winavr/bin/../lib/gcc/avr/4.3.3/avr5\libgcc.a(_fixunssfsi.o)
 .data          0x008000f8        0x0 e:/cources/embeded_system/imt_school cource/01- avr/00-tools/01-imt sdk/copy of imt_sdk_win_64/imt_sdk_win_64/winavr/bin/../lib/gcc/avr/4.3.3/avr5\libgcc.a(_addsub_sf.o)
 .data          0x008000f8        0x0 e:/cources/embeded_system/imt_school cource/01- avr/00-tools/01-imt sdk/copy of imt_sdk_win_64/imt_sdk_win_64/winavr/bin/../lib/gcc/avr/4.3.3/avr5\libgcc.a(_mul_sf.o)
 .data          0x008000f8        0x0 e:/cources/embeded_system/imt_school cource/01- avr/00-tools/01-imt sdk/copy of imt_sdk_win_64/imt_sdk_win_64/winavr/bin/../lib/gcc/avr/4.3.3/avr5\libgcc.a(_div_sf.o)
 .data          0x008000f8        0x0 e:/cources/embeded_system/imt_school cource/01- avr/00-tools/01-imt sdk/copy of imt_sdk_win_64/imt_sdk_win_64/winavr/bin/../lib/gcc/avr/4.3.3/avr5\libgcc.a(_gt_sf.o)
 .data          0x008000f8        0x0 e:/cources/embeded_system/imt_school cource/01- avr/00-tools/01-imt sdk/copy of imt_sdk_win_64/imt_sdk_win_64/winavr/bin/../lib/gcc/avr/4.3.3/avr5\libgcc.a(_ge_sf.o)
 .data          0x008000f8        0x0 e:/cources/embeded_system/imt_school cource/01- avr/00-tools/01-imt sdk/copy of imt_sdk_win_64/imt_sdk_win_64/winavr/bin/../lib/gcc/avr/4.3.3/avr5\libgcc.a(_lt_sf.o)
 .data          0x008000f8        0x0 e:/cources/embeded_system/imt_school cource/01- avr/00-tools/01-imt sdk/copy of imt_sdk_win_64/imt_sdk_win_64/winavr/bin/../lib/gcc/avr/4.3.3/avr5\libgcc.a(_sf_to_si.o)
 .data          0x008000f8        0x8 e:/cources/embeded_system/imt_school cource/01- avr/00-tools/01-imt sdk/copy of imt_sdk_win_64/imt_sdk_win_64/winavr/bin/../lib/gcc/avr/4.3.3/avr5\libgcc.a(_thenan_sf.o)
                0x008000f8                __thenan_sf
 .data          0x00800100        0x0 e:/cources/embeded_system/imt_school cource/01- avr/00-tools/01-imt sdk/copy of imt_sdk_win_64/imt_sdk_win_64/winavr/bin/../lib/gcc/avr/4.3.3/avr5\libgcc.a(_prologue.o)
 .data          0x00800100        0x0 e:/cources/embeded_system/imt_school cource/01- avr/00-tools/01-imt sdk/copy of imt_sdk_win_64/imt_sdk_win_64/winavr/bin/../lib/gcc/avr/4.3.3/avr5\libgcc.a(_epilogue.o)
 .data          0x00800100        0x0 e:/cources/embeded_system/imt_school cource/01- avr/00-tools/01-imt sdk/copy of imt_sdk_win_64/imt_sdk_win_64/winavr/bin/../lib/gcc/avr/4.3.3/avr5\libgcc.a(_pack_sf.o)
 .data          0x00800100        0x0 e:/cources/embeded_system/imt_school cource/01- avr/00-tools/01-imt sdk/copy of imt_sdk_win_64/imt_sdk_win_64/winavr/bin/../lib/gcc/avr/4.3.3/avr5\libgcc.a(_unpack_sf.o)
 .data          0x00800100        0x0 e:/cources/embeded_system/imt_school cource/01- avr/00-tools/01-imt sdk/copy of imt_sdk_win_64/imt_sdk_win_64/winavr/bin/../lib/gcc/avr/4.3.3/avr5\libgcc.a(_fpcmp_parts_sf.o)
 .data          0x00800100        0x0 e:/cources/embeded_system/imt_school cource/01- avr/00-tools/01-imt sdk/copy of imt_sdk_win_64/imt_sdk_win_64/winavr/bin/../lib/gcc/avr/4.3.3/../../../../avr/lib/avr5\libc.a(itoa.o)
 .data          0x00800100        0x0 e:/cources/embeded_system/imt_school cource/01- avr/00-tools/01-imt sdk/copy of imt_sdk_win_64/imt_sdk_win_64/winavr/bin/../lib/gcc/avr/4.3.3/../../../../avr/lib/avr5\libc.a(strrev.o)
 .data          0x00800100        0x0 e:/cources/embeded_system/imt_school cource/01- avr/00-tools/01-imt sdk/copy of imt_sdk_win_64/imt_sdk_win_64/winavr/bin/../lib/gcc/avr/4.3.3/avr5\libgcc.a(_udivmodhi4.o)
 *(.data*)
 .data.seg      0x00800100        0xa ./Sevenseg_Program.o
 *(.rodata)
 *(.rodata*)
 .rodata.KPD_Au8Keys
                0x0080010a       0x10 ./KPD_program.o
                0x0080010a                KPD_Au8Keys
 .rodata.KPD_Au8RowsPins
                0x0080011a        0x4 ./KPD_program.o
                0x0080011a                KPD_Au8RowsPins
 .rodata.KPD_Au8ColsPins
                0x0080011e        0x4 ./KPD_program.o
                0x0080011e                KPD_Au8ColsPins
 .rodata.C.0.1360
                0x00800122        0x6 ./mian.o
 *(.gnu.linkonce.d*)
                0x00800128                . = ALIGN (0x2)
                0x00800128                _edata = .
                0x00800128                PROVIDE (__data_end, .)

.bss            0x00800128        0xd
                0x00800128                PROVIDE (__bss_start, .)
 *(.bss)
 .bss           0x00800128        0x0 e:/cources/embeded_system/imt_school cource/01- avr/00-tools/01-imt sdk/copy of imt_sdk_win_64/imt_sdk_win_64/winavr/bin/../lib/gcc/avr/4.3.3/../../../../avr/lib/avr5/crtm32.o
 .bss           0x00800128        0x0 ./DIO_Program.o
 .bss           0x00800128        0x0 ./KPD_program.o
 .bss           0x00800128        0x0 ./LCD_Program.o
 .bss           0x00800128        0x0 ./Sevenseg_Program.o
 .bss           0x00800128        0x0 ./gi_program.o
 .bss           0x00800128        0x0 ./mian.o
 .bss           0x00800128        0x0 ./timer_program.o
 .bss           0x00800128        0x0 e:/cources/embeded_system/imt_school cource/01- avr/00-tools/01-imt sdk/copy of imt_sdk_win_64/imt_sdk_win_64/winavr/bin/../lib/gcc/avr/4.3.3/avr5\libgcc.a(_udivmodqi4.o)
 .bss           0x00800128        0x0 e:/cources/embeded_system/imt_school cource/01- avr/00-tools/01-imt sdk/copy of imt_sdk_win_64/imt_sdk_win_64/winavr/bin/../lib/gcc/avr/4.3.3/avr5\libgcc.a(_udivmodsi4.o)
 .bss           0x00800128        0x0 e:/cources/embeded_system/imt_school cource/01- avr/00-tools/01-imt sdk/copy of imt_sdk_win_64/imt_sdk_win_64/winavr/bin/../lib/gcc/avr/4.3.3/avr5\libgcc.a(_exit.o)
 .bss           0x00800128        0x0 e:/cources/embeded_system/imt_school cource/01- avr/00-tools/01-imt sdk/copy of imt_sdk_win_64/imt_sdk_win_64/winavr/bin/../lib/gcc/avr/4.3.3/avr5\libgcc.a(_copy_data.o)
 .bss           0x00800128        0x0 e:/cources/embeded_system/imt_school cource/01- avr/00-tools/01-imt sdk/copy of imt_sdk_win_64/imt_sdk_win_64/winavr/bin/../lib/gcc/avr/4.3.3/avr5\libgcc.a(_clear_bss.o)
 .bss           0x00800128        0x0 e:/cources/embeded_system/imt_school cource/01- avr/00-tools/01-imt sdk/copy of imt_sdk_win_64/imt_sdk_win_64/winavr/bin/../lib/gcc/avr/4.3.3/avr5\libgcc.a(_fixunssfsi.o)
 .bss           0x00800128        0x0 e:/cources/embeded_system/imt_school cource/01- avr/00-tools/01-imt sdk/copy of imt_sdk_win_64/imt_sdk_win_64/winavr/bin/../lib/gcc/avr/4.3.3/avr5\libgcc.a(_addsub_sf.o)
 .bss           0x00800128        0x0 e:/cources/embeded_system/imt_school cource/01- avr/00-tools/01-imt sdk/copy of imt_sdk_win_64/imt_sdk_win_64/winavr/bin/../lib/gcc/avr/4.3.3/avr5\libgcc.a(_mul_sf.o)
 .bss           0x00800128        0x0 e:/cources/embeded_system/imt_school cource/01- avr/00-tools/01-imt sdk/copy of imt_sdk_win_64/imt_sdk_win_64/winavr/bin/../lib/gcc/avr/4.3.3/avr5\libgcc.a(_div_sf.o)
 .bss           0x00800128        0x0 e:/cources/embeded_system/imt_school cource/01- avr/00-tools/01-imt sdk/copy of imt_sdk_win_64/imt_sdk_win_64/winavr/bin/../lib/gcc/avr/4.3.3/avr5\libgcc.a(_gt_sf.o)
 .bss           0x00800128        0x0 e:/cources/embeded_system/imt_school cource/01- avr/00-tools/01-imt sdk/copy of imt_sdk_win_64/imt_sdk_win_64/winavr/bin/../lib/gcc/avr/4.3.3/avr5\libgcc.a(_ge_sf.o)
 .bss           0x00800128        0x0 e:/cources/embeded_system/imt_school cource/01- avr/00-tools/01-imt sdk/copy of imt_sdk_win_64/imt_sdk_win_64/winavr/bin/../lib/gcc/avr/4.3.3/avr5\libgcc.a(_lt_sf.o)
 .bss           0x00800128        0x0 e:/cources/embeded_system/imt_school cource/01- avr/00-tools/01-imt sdk/copy of imt_sdk_win_64/imt_sdk_win_64/winavr/bin/../lib/gcc/avr/4.3.3/avr5\libgcc.a(_sf_to_si.o)
 .bss           0x00800128        0x0 e:/cources/embeded_system/imt_school cource/01- avr/00-tools/01-imt sdk/copy of imt_sdk_win_64/imt_sdk_win_64/winavr/bin/../lib/gcc/avr/4.3.3/avr5\libgcc.a(_thenan_sf.o)
 .bss           0x00800128        0x0 e:/cources/embeded_system/imt_school cource/01- avr/00-tools/01-imt sdk/copy of imt_sdk_win_64/imt_sdk_win_64/winavr/bin/../lib/gcc/avr/4.3.3/avr5\libgcc.a(_prologue.o)
 .bss           0x00800128        0x0 e:/cources/embeded_system/imt_school cource/01- avr/00-tools/01-imt sdk/copy of imt_sdk_win_64/imt_sdk_win_64/winavr/bin/../lib/gcc/avr/4.3.3/avr5\libgcc.a(_epilogue.o)
 .bss           0x00800128        0x0 e:/cources/embeded_system/imt_school cource/01- avr/00-tools/01-imt sdk/copy of imt_sdk_win_64/imt_sdk_win_64/winavr/bin/../lib/gcc/avr/4.3.3/avr5\libgcc.a(_pack_sf.o)
 .bss           0x00800128        0x0 e:/cources/embeded_system/imt_school cource/01- avr/00-tools/01-imt sdk/copy of imt_sdk_win_64/imt_sdk_win_64/winavr/bin/../lib/gcc/avr/4.3.3/avr5\libgcc.a(_unpack_sf.o)
 .bss           0x00800128        0x0 e:/cources/embeded_system/imt_school cource/01- avr/00-tools/01-imt sdk/copy of imt_sdk_win_64/imt_sdk_win_64/winavr/bin/../lib/gcc/avr/4.3.3/avr5\libgcc.a(_fpcmp_parts_sf.o)
 .bss           0x00800128        0x0 e:/cources/embeded_system/imt_school cource/01- avr/00-tools/01-imt sdk/copy of imt_sdk_win_64/imt_sdk_win_64/winavr/bin/../lib/gcc/avr/4.3.3/../../../../avr/lib/avr5\libc.a(itoa.o)
 .bss           0x00800128        0x0 e:/cources/embeded_system/imt_school cource/01- avr/00-tools/01-imt sdk/copy of imt_sdk_win_64/imt_sdk_win_64/winavr/bin/../lib/gcc/avr/4.3.3/../../../../avr/lib/avr5\libc.a(strrev.o)
 .bss           0x00800128        0x0 e:/cources/embeded_system/imt_school cource/01- avr/00-tools/01-imt sdk/copy of imt_sdk_win_64/imt_sdk_win_64/winavr/bin/../lib/gcc/avr/4.3.3/avr5\libgcc.a(_udivmodhi4.o)
 *(.bss*)
 .bss.count_Second
                0x00800128        0x1 ./mian.o
                0x00800128                count_Second
 .bss.count_Hours
                0x00800129        0x1 ./mian.o
                0x00800129                count_Hours
 .bss.count_Minutes
                0x0080012a        0x1 ./mian.o
                0x0080012a                count_Minutes
 .bss.TIMER_pvTimer0ISROFV
                0x0080012b        0x2 ./timer_program.o
 .bss.TIMER_pvTimer0ISROCR
                0x0080012d        0x2 ./timer_program.o
 .bss.TIMER_pvICUNotificationFunction
                0x0080012f        0x2 ./timer_program.o
 .bss.local_counter.1321
                0x00800131        0x2 ./timer_program.o
 .bss.local_counter.1347
                0x00800133        0x2 ./timer_program.o
 *(COMMON)
                0x00800135                PROVIDE (__bss_end, .)
                0x00003cbc                __data_load_start = LOADADDR (.data)
                0x00003d84                __data_load_end = (__data_load_start + SIZEOF (.data))

.noinit         0x00800135        0x0
                0x00800135                PROVIDE (__noinit_start, .)
 *(.noinit*)
                0x00800135                PROVIDE (__noinit_end, .)
                0x00800135                _end = .
                0x00800135                PROVIDE (__heap_start, .)

.eeprom         0x00810000        0x0
 *(.eeprom*)
                0x00810000                __eeprom_end = .

.fuse
 *(.fuse)
 *(.lfuse)
 *(.hfuse)
 *(.efuse)

.lock
 *(.lock*)

.signature
 *(.signature*)

.stab           0x00000000     0x3468
 *(.stab)
 .stab          0x00000000      0x948 ./DIO_Program.o
 .stab          0x00000948      0x4e0 ./KPD_program.o
                                0x558 (size before relaxing)
 .stab          0x00000e28      0xc84 ./LCD_Program.o
                                0xe88 (size before relaxing)
 .stab          0x00001aac      0x144 ./Sevenseg_Program.o
                                0x1bc (size before relaxing)
 .stab          0x00001bf0      0x144 ./gi_program.o
                                0x1bc (size before relaxing)
 .stab          0x00001d34     0x108c ./mian.o
                               0x129c (size before relaxing)
 .stab          0x00002dc0      0x6a8 ./timer_program.o
                                0x720 (size before relaxing)

.stabstr        0x00000000     0x161c
 *(.stabstr)
 .stabstr       0x00000000     0x161c ./DIO_Program.o

.stab.excl
 *(.stab.excl)

.stab.exclstr
 *(.stab.exclstr)

.stab.index
 *(.stab.index)

.stab.indexstr
 *(.stab.indexstr)

.comment
 *(.comment)

.debug
 *(.debug)

.line
 *(.line)

.debug_srcinfo
 *(.debug_srcinfo)

.debug_sfnames
 *(.debug_sfnames)

.debug_aranges  0x00000000      0x160
 *(.debug_aranges)
 .debug_aranges
                0x00000000       0x20 e:/cources/embeded_system/imt_school cource/01- avr/00-tools/01-imt sdk/copy of imt_sdk_win_64/imt_sdk_win_64/winavr/bin/../lib/gcc/avr/4.3.3/avr5\libgcc.a(_fixunssfsi.o)
 .debug_aranges
                0x00000020       0x20 e:/cources/embeded_system/imt_school cource/01- avr/00-tools/01-imt sdk/copy of imt_sdk_win_64/imt_sdk_win_64/winavr/bin/../lib/gcc/avr/4.3.3/avr5\libgcc.a(_addsub_sf.o)
 .debug_aranges
                0x00000040       0x20 e:/cources/embeded_system/imt_school cource/01- avr/00-tools/01-imt sdk/copy of imt_sdk_win_64/imt_sdk_win_64/winavr/bin/../lib/gcc/avr/4.3.3/avr5\libgcc.a(_mul_sf.o)
 .debug_aranges
                0x00000060       0x20 e:/cources/embeded_system/imt_school cource/01- avr/00-tools/01-imt sdk/copy of imt_sdk_win_64/imt_sdk_win_64/winavr/bin/../lib/gcc/avr/4.3.3/avr5\libgcc.a(_div_sf.o)
 .debug_aranges
                0x00000080       0x20 e:/cources/embeded_system/imt_school cource/01- avr/00-tools/01-imt sdk/copy of imt_sdk_win_64/imt_sdk_win_64/winavr/bin/../lib/gcc/avr/4.3.3/avr5\libgcc.a(_gt_sf.o)
 .debug_aranges
                0x000000a0       0x20 e:/cources/embeded_system/imt_school cource/01- avr/00-tools/01-imt sdk/copy of imt_sdk_win_64/imt_sdk_win_64/winavr/bin/../lib/gcc/avr/4.3.3/avr5\libgcc.a(_ge_sf.o)
 .debug_aranges
                0x000000c0       0x20 e:/cources/embeded_system/imt_school cource/01- avr/00-tools/01-imt sdk/copy of imt_sdk_win_64/imt_sdk_win_64/winavr/bin/../lib/gcc/avr/4.3.3/avr5\libgcc.a(_lt_sf.o)
 .debug_aranges
                0x000000e0       0x20 e:/cources/embeded_system/imt_school cource/01- avr/00-tools/01-imt sdk/copy of imt_sdk_win_64/imt_sdk_win_64/winavr/bin/../lib/gcc/avr/4.3.3/avr5\libgcc.a(_sf_to_si.o)
 .debug_aranges
                0x00000100       0x20 e:/cources/embeded_system/imt_school cource/01- avr/00-tools/01-imt sdk/copy of imt_sdk_win_64/imt_sdk_win_64/winavr/bin/../lib/gcc/avr/4.3.3/avr5\libgcc.a(_pack_sf.o)
 .debug_aranges
                0x00000120       0x20 e:/cources/embeded_system/imt_school cource/01- avr/00-tools/01-imt sdk/copy of imt_sdk_win_64/imt_sdk_win_64/winavr/bin/../lib/gcc/avr/4.3.3/avr5\libgcc.a(_unpack_sf.o)
 .debug_aranges
                0x00000140       0x20 e:/cources/embeded_system/imt_school cource/01- avr/00-tools/01-imt sdk/copy of imt_sdk_win_64/imt_sdk_win_64/winavr/bin/../lib/gcc/avr/4.3.3/avr5\libgcc.a(_fpcmp_parts_sf.o)

.debug_pubnames
                0x00000000      0x18f
 *(.debug_pubnames)
 .debug_pubnames
                0x00000000       0x23 e:/cources/embeded_system/imt_school cource/01- avr/00-tools/01-imt sdk/copy of imt_sdk_win_64/imt_sdk_win_64/winavr/bin/../lib/gcc/avr/4.3.3/avr5\libgcc.a(_fixunssfsi.o)
 .debug_pubnames
                0x00000023       0x2c e:/cources/embeded_system/imt_school cource/01- avr/00-tools/01-imt sdk/copy of imt_sdk_win_64/imt_sdk_win_64/winavr/bin/../lib/gcc/avr/4.3.3/avr5\libgcc.a(_addsub_sf.o)
 .debug_pubnames
                0x0000004f       0x1f e:/cources/embeded_system/imt_school cource/01- avr/00-tools/01-imt sdk/copy of imt_sdk_win_64/imt_sdk_win_64/winavr/bin/../lib/gcc/avr/4.3.3/avr5\libgcc.a(_mul_sf.o)
 .debug_pubnames
                0x0000006e       0x1f e:/cources/embeded_system/imt_school cource/01- avr/00-tools/01-imt sdk/copy of imt_sdk_win_64/imt_sdk_win_64/winavr/bin/../lib/gcc/avr/4.3.3/avr5\libgcc.a(_div_sf.o)
 .debug_pubnames
                0x0000008d       0x1e e:/cources/embeded_system/imt_school cource/01- avr/00-tools/01-imt sdk/copy of imt_sdk_win_64/imt_sdk_win_64/winavr/bin/../lib/gcc/avr/4.3.3/avr5\libgcc.a(_gt_sf.o)
 .debug_pubnames
                0x000000ab       0x1e e:/cources/embeded_system/imt_school cource/01- avr/00-tools/01-imt sdk/copy of imt_sdk_win_64/imt_sdk_win_64/winavr/bin/../lib/gcc/avr/4.3.3/avr5\libgcc.a(_ge_sf.o)
 .debug_pubnames
                0x000000c9       0x1e e:/cources/embeded_system/imt_school cource/01- avr/00-tools/01-imt sdk/copy of imt_sdk_win_64/imt_sdk_win_64/winavr/bin/../lib/gcc/avr/4.3.3/avr5\libgcc.a(_lt_sf.o)
 .debug_pubnames
                0x000000e7       0x20 e:/cources/embeded_system/imt_school cource/01- avr/00-tools/01-imt sdk/copy of imt_sdk_win_64/imt_sdk_win_64/winavr/bin/../lib/gcc/avr/4.3.3/avr5\libgcc.a(_sf_to_si.o)
 .debug_pubnames
                0x00000107       0x22 e:/cources/embeded_system/imt_school cource/01- avr/00-tools/01-imt sdk/copy of imt_sdk_win_64/imt_sdk_win_64/winavr/bin/../lib/gcc/avr/4.3.3/avr5\libgcc.a(_thenan_sf.o)
 .debug_pubnames
                0x00000129       0x1f e:/cources/embeded_system/imt_school cource/01- avr/00-tools/01-imt sdk/copy of imt_sdk_win_64/imt_sdk_win_64/winavr/bin/../lib/gcc/avr/4.3.3/avr5\libgcc.a(_pack_sf.o)
 .debug_pubnames
                0x00000148       0x21 e:/cources/embeded_system/imt_school cource/01- avr/00-tools/01-imt sdk/copy of imt_sdk_win_64/imt_sdk_win_64/winavr/bin/../lib/gcc/avr/4.3.3/avr5\libgcc.a(_unpack_sf.o)
 .debug_pubnames
                0x00000169       0x26 e:/cources/embeded_system/imt_school cource/01- avr/00-tools/01-imt sdk/copy of imt_sdk_win_64/imt_sdk_win_64/winavr/bin/../lib/gcc/avr/4.3.3/avr5\libgcc.a(_fpcmp_parts_sf.o)

.debug_info     0x00000000     0x2045
 *(.debug_info)
 .debug_info    0x00000000       0xb1 e:/cources/embeded_system/imt_school cource/01- avr/00-tools/01-imt sdk/copy of imt_sdk_win_64/imt_sdk_win_64/winavr/bin/../lib/gcc/avr/4.3.3/avr5\libgcc.a(_fixunssfsi.o)
 .debug_info    0x000000b1      0x47a e:/cources/embeded_system/imt_school cource/01- avr/00-tools/01-imt sdk/copy of imt_sdk_win_64/imt_sdk_win_64/winavr/bin/../lib/gcc/avr/4.3.3/avr5\libgcc.a(_addsub_sf.o)
 .debug_info    0x0000052b      0x485 e:/cources/embeded_system/imt_school cource/01- avr/00-tools/01-imt sdk/copy of imt_sdk_win_64/imt_sdk_win_64/winavr/bin/../lib/gcc/avr/4.3.3/avr5\libgcc.a(_mul_sf.o)
 .debug_info    0x000009b0      0x3fc e:/cources/embeded_system/imt_school cource/01- avr/00-tools/01-imt sdk/copy of imt_sdk_win_64/imt_sdk_win_64/winavr/bin/../lib/gcc/avr/4.3.3/avr5\libgcc.a(_div_sf.o)
 .debug_info    0x00000dac      0x27f e:/cources/embeded_system/imt_school cource/01- avr/00-tools/01-imt sdk/copy of imt_sdk_win_64/imt_sdk_win_64/winavr/bin/../lib/gcc/avr/4.3.3/avr5\libgcc.a(_gt_sf.o)
 .debug_info    0x0000102b      0x27f e:/cources/embeded_system/imt_school cource/01- avr/00-tools/01-imt sdk/copy of imt_sdk_win_64/imt_sdk_win_64/winavr/bin/../lib/gcc/avr/4.3.3/avr5\libgcc.a(_ge_sf.o)
 .debug_info    0x000012aa      0x27f e:/cources/embeded_system/imt_school cource/01- avr/00-tools/01-imt sdk/copy of imt_sdk_win_64/imt_sdk_win_64/winavr/bin/../lib/gcc/avr/4.3.3/avr5\libgcc.a(_lt_sf.o)
 .debug_info    0x00001529      0x2b0 e:/cources/embeded_system/imt_school cource/01- avr/00-tools/01-imt sdk/copy of imt_sdk_win_64/imt_sdk_win_64/winavr/bin/../lib/gcc/avr/4.3.3/avr5\libgcc.a(_sf_to_si.o)
 .debug_info    0x000017d9      0x12c e:/cources/embeded_system/imt_school cource/01- avr/00-tools/01-imt sdk/copy of imt_sdk_win_64/imt_sdk_win_64/winavr/bin/../lib/gcc/avr/4.3.3/avr5\libgcc.a(_thenan_sf.o)
 .debug_info    0x00001905      0x2df e:/cources/embeded_system/imt_school cource/01- avr/00-tools/01-imt sdk/copy of imt_sdk_win_64/imt_sdk_win_64/winavr/bin/../lib/gcc/avr/4.3.3/avr5\libgcc.a(_pack_sf.o)
 .debug_info    0x00001be4      0x251 e:/cources/embeded_system/imt_school cource/01- avr/00-tools/01-imt sdk/copy of imt_sdk_win_64/imt_sdk_win_64/winavr/bin/../lib/gcc/avr/4.3.3/avr5\libgcc.a(_unpack_sf.o)
 .debug_info    0x00001e35      0x210 e:/cources/embeded_system/imt_school cource/01- avr/00-tools/01-imt sdk/copy of imt_sdk_win_64/imt_sdk_win_64/winavr/bin/../lib/gcc/avr/4.3.3/avr5\libgcc.a(_fpcmp_parts_sf.o)
 *(.gnu.linkonce.wi.*)

.debug_abbrev   0x00000000     0x1101
 *(.debug_abbrev)
 .debug_abbrev  0x00000000       0x5d e:/cources/embeded_system/imt_school cource/01- avr/00-tools/01-imt sdk/copy of imt_sdk_win_64/imt_sdk_win_64/winavr/bin/../lib/gcc/avr/4.3.3/avr5\libgcc.a(_fixunssfsi.o)
 .debug_abbrev  0x0000005d      0x1ea e:/cources/embeded_system/imt_school cource/01- avr/00-tools/01-imt sdk/copy of imt_sdk_win_64/imt_sdk_win_64/winavr/bin/../lib/gcc/avr/4.3.3/avr5\libgcc.a(_addsub_sf.o)
 .debug_abbrev  0x00000247      0x21b e:/cources/embeded_system/imt_school cource/01- avr/00-tools/01-imt sdk/copy of imt_sdk_win_64/imt_sdk_win_64/winavr/bin/../lib/gcc/avr/4.3.3/avr5\libgcc.a(_mul_sf.o)
 .debug_abbrev  0x00000462      0x216 e:/cources/embeded_system/imt_school cource/01- avr/00-tools/01-imt sdk/copy of imt_sdk_win_64/imt_sdk_win_64/winavr/bin/../lib/gcc/avr/4.3.3/avr5\libgcc.a(_div_sf.o)
 .debug_abbrev  0x00000678      0x15a e:/cources/embeded_system/imt_school cource/01- avr/00-tools/01-imt sdk/copy of imt_sdk_win_64/imt_sdk_win_64/winavr/bin/../lib/gcc/avr/4.3.3/avr5\libgcc.a(_gt_sf.o)
 .debug_abbrev  0x000007d2      0x15a e:/cources/embeded_system/imt_school cource/01- avr/00-tools/01-imt sdk/copy of imt_sdk_win_64/imt_sdk_win_64/winavr/bin/../lib/gcc/avr/4.3.3/avr5\libgcc.a(_ge_sf.o)
 .debug_abbrev  0x0000092c      0x15a e:/cources/embeded_system/imt_school cource/01- avr/00-tools/01-imt sdk/copy of imt_sdk_win_64/imt_sdk_win_64/winavr/bin/../lib/gcc/avr/4.3.3/avr5\libgcc.a(_lt_sf.o)
 .debug_abbrev  0x00000a86      0x17f e:/cources/embeded_system/imt_school cource/01- avr/00-tools/01-imt sdk/copy of imt_sdk_win_64/imt_sdk_win_64/winavr/bin/../lib/gcc/avr/4.3.3/avr5\libgcc.a(_sf_to_si.o)
 .debug_abbrev  0x00000c05       0xad e:/cources/embeded_system/imt_school cource/01- avr/00-tools/01-imt sdk/copy of imt_sdk_win_64/imt_sdk_win_64/winavr/bin/../lib/gcc/avr/4.3.3/avr5\libgcc.a(_thenan_sf.o)
 .debug_abbrev  0x00000cb2      0x1c0 e:/cources/embeded_system/imt_school cource/01- avr/00-tools/01-imt sdk/copy of imt_sdk_win_64/imt_sdk_win_64/winavr/bin/../lib/gcc/avr/4.3.3/avr5\libgcc.a(_pack_sf.o)
 .debug_abbrev  0x00000e72      0x154 e:/cources/embeded_system/imt_school cource/01- avr/00-tools/01-imt sdk/copy of imt_sdk_win_64/imt_sdk_win_64/winavr/bin/../lib/gcc/avr/4.3.3/avr5\libgcc.a(_unpack_sf.o)
 .debug_abbrev  0x00000fc6      0x13b e:/cources/embeded_system/imt_school cource/01- avr/00-tools/01-imt sdk/copy of imt_sdk_win_64/imt_sdk_win_64/winavr/bin/../lib/gcc/avr/4.3.3/avr5\libgcc.a(_fpcmp_parts_sf.o)

.debug_line     0x00000000      0xf82
 *(.debug_line)
 .debug_line    0x00000000       0xa7 e:/cources/embeded_system/imt_school cource/01- avr/00-tools/01-imt sdk/copy of imt_sdk_win_64/imt_sdk_win_64/winavr/bin/../lib/gcc/avr/4.3.3/avr5\libgcc.a(_fixunssfsi.o)
 .debug_line    0x000000a7      0x2af e:/cources/embeded_system/imt_school cource/01- avr/00-tools/01-imt sdk/copy of imt_sdk_win_64/imt_sdk_win_64/winavr/bin/../lib/gcc/avr/4.3.3/avr5\libgcc.a(_addsub_sf.o)
 .debug_line    0x00000356      0x239 e:/cources/embeded_system/imt_school cource/01- avr/00-tools/01-imt sdk/copy of imt_sdk_win_64/imt_sdk_win_64/winavr/bin/../lib/gcc/avr/4.3.3/avr5\libgcc.a(_mul_sf.o)
 .debug_line    0x0000058f      0x1d5 e:/cources/embeded_system/imt_school cource/01- avr/00-tools/01-imt sdk/copy of imt_sdk_win_64/imt_sdk_win_64/winavr/bin/../lib/gcc/avr/4.3.3/avr5\libgcc.a(_div_sf.o)
 .debug_line    0x00000764       0xd3 e:/cources/embeded_system/imt_school cource/01- avr/00-tools/01-imt sdk/copy of imt_sdk_win_64/imt_sdk_win_64/winavr/bin/../lib/gcc/avr/4.3.3/avr5\libgcc.a(_gt_sf.o)
 .debug_line    0x00000837       0xd3 e:/cources/embeded_system/imt_school cource/01- avr/00-tools/01-imt sdk/copy of imt_sdk_win_64/imt_sdk_win_64/winavr/bin/../lib/gcc/avr/4.3.3/avr5\libgcc.a(_ge_sf.o)
 .debug_line    0x0000090a       0xd3 e:/cources/embeded_system/imt_school cource/01- avr/00-tools/01-imt sdk/copy of imt_sdk_win_64/imt_sdk_win_64/winavr/bin/../lib/gcc/avr/4.3.3/avr5\libgcc.a(_lt_sf.o)
 .debug_line    0x000009dd      0x109 e:/cources/embeded_system/imt_school cource/01- avr/00-tools/01-imt sdk/copy of imt_sdk_win_64/imt_sdk_win_64/winavr/bin/../lib/gcc/avr/4.3.3/avr5\libgcc.a(_sf_to_si.o)
 .debug_line    0x00000ae6       0x90 e:/cources/embeded_system/imt_school cource/01- avr/00-tools/01-imt sdk/copy of imt_sdk_win_64/imt_sdk_win_64/winavr/bin/../lib/gcc/avr/4.3.3/avr5\libgcc.a(_thenan_sf.o)
 .debug_line    0x00000b76      0x18a e:/cources/embeded_system/imt_school cource/01- avr/00-tools/01-imt sdk/copy of imt_sdk_win_64/imt_sdk_win_64/winavr/bin/../lib/gcc/avr/4.3.3/avr5\libgcc.a(_pack_sf.o)
 .debug_line    0x00000d00      0x14b e:/cources/embeded_system/imt_school cource/01- avr/00-tools/01-imt sdk/copy of imt_sdk_win_64/imt_sdk_win_64/winavr/bin/../lib/gcc/avr/4.3.3/avr5\libgcc.a(_unpack_sf.o)
 .debug_line    0x00000e4b      0x137 e:/cources/embeded_system/imt_school cource/01- avr/00-tools/01-imt sdk/copy of imt_sdk_win_64/imt_sdk_win_64/winavr/bin/../lib/gcc/avr/4.3.3/avr5\libgcc.a(_fpcmp_parts_sf.o)

.debug_frame    0x00000000      0x180
 *(.debug_frame)
 .debug_frame   0x00000000       0x20 e:/cources/embeded_system/imt_school cource/01- avr/00-tools/01-imt sdk/copy of imt_sdk_win_64/imt_sdk_win_64/winavr/bin/../lib/gcc/avr/4.3.3/avr5\libgcc.a(_fixunssfsi.o)
 .debug_frame   0x00000020       0x40 e:/cources/embeded_system/imt_school cource/01- avr/00-tools/01-imt sdk/copy of imt_sdk_win_64/imt_sdk_win_64/winavr/bin/../lib/gcc/avr/4.3.3/avr5\libgcc.a(_addsub_sf.o)
 .debug_frame   0x00000060       0x20 e:/cources/embeded_system/imt_school cource/01- avr/00-tools/01-imt sdk/copy of imt_sdk_win_64/imt_sdk_win_64/winavr/bin/../lib/gcc/avr/4.3.3/avr5\libgcc.a(_mul_sf.o)
 .debug_frame   0x00000080       0x20 e:/cources/embeded_system/imt_school cource/01- avr/00-tools/01-imt sdk/copy of imt_sdk_win_64/imt_sdk_win_64/winavr/bin/../lib/gcc/avr/4.3.3/avr5\libgcc.a(_div_sf.o)
 .debug_frame   0x000000a0       0x20 e:/cources/embeded_system/imt_school cource/01- avr/00-tools/01-imt sdk/copy of imt_sdk_win_64/imt_sdk_win_64/winavr/bin/../lib/gcc/avr/4.3.3/avr5\libgcc.a(_gt_sf.o)
 .debug_frame   0x000000c0       0x20 e:/cources/embeded_system/imt_school cource/01- avr/00-tools/01-imt sdk/copy of imt_sdk_win_64/imt_sdk_win_64/winavr/bin/../lib/gcc/avr/4.3.3/avr5\libgcc.a(_ge_sf.o)
 .debug_frame   0x000000e0       0x20 e:/cources/embeded_system/imt_school cource/01- avr/00-tools/01-imt sdk/copy of imt_sdk_win_64/imt_sdk_win_64/winavr/bin/../lib/gcc/avr/4.3.3/avr5\libgcc.a(_lt_sf.o)
 .debug_frame   0x00000100       0x20 e:/cources/embeded_system/imt_school cource/01- avr/00-tools/01-imt sdk/copy of imt_sdk_win_64/imt_sdk_win_64/winavr/bin/../lib/gcc/avr/4.3.3/avr5\libgcc.a(_sf_to_si.o)
 .debug_frame   0x00000120       0x20 e:/cources/embeded_system/imt_school cource/01- avr/00-tools/01-imt sdk/copy of imt_sdk_win_64/imt_sdk_win_64/winavr/bin/../lib/gcc/avr/4.3.3/avr5\libgcc.a(_pack_sf.o)
 .debug_frame   0x00000140       0x20 e:/cources/embeded_system/imt_school cource/01- avr/00-tools/01-imt sdk/copy of imt_sdk_win_64/imt_sdk_win_64/winavr/bin/../lib/gcc/avr/4.3.3/avr5\libgcc.a(_unpack_sf.o)
 .debug_frame   0x00000160       0x20 e:/cources/embeded_system/imt_school cource/01- avr/00-tools/01-imt sdk/copy of imt_sdk_win_64/imt_sdk_win_64/winavr/bin/../lib/gcc/avr/4.3.3/avr5\libgcc.a(_fpcmp_parts_sf.o)

.debug_str      0x00000000      0x2c2
 *(.debug_str)
 .debug_str     0x00000000       0xbf e:/cources/embeded_system/imt_school cource/01- avr/00-tools/01-imt sdk/copy of imt_sdk_win_64/imt_sdk_win_64/winavr/bin/../lib/gcc/avr/4.3.3/avr5\libgcc.a(_fixunssfsi.o)
                                 0xfe (size before relaxing)
 .debug_str     0x000000bf      0x14d e:/cources/embeded_system/imt_school cource/01- avr/00-tools/01-imt sdk/copy of imt_sdk_win_64/imt_sdk_win_64/winavr/bin/../lib/gcc/avr/4.3.3/avr5\libgcc.a(_addsub_sf.o)
                                0x206 (size before relaxing)
 .debug_str     0x0000020c       0x27 e:/cources/embeded_system/imt_school cource/01- avr/00-tools/01-imt sdk/copy of imt_sdk_win_64/imt_sdk_win_64/winavr/bin/../lib/gcc/avr/4.3.3/avr5\libgcc.a(_mul_sf.o)
                                0x1bf (size before relaxing)
 .debug_str     0x00000233       0x35 e:/cources/embeded_system/imt_school cource/01- avr/00-tools/01-imt sdk/copy of imt_sdk_win_64/imt_sdk_win_64/winavr/bin/../lib/gcc/avr/4.3.3/avr5\libgcc.a(_div_sf.o)
                                0x1c8 (size before relaxing)
 .debug_str     0x00000268        0xf e:/cources/embeded_system/imt_school cource/01- avr/00-tools/01-imt sdk/copy of imt_sdk_win_64/imt_sdk_win_64/winavr/bin/../lib/gcc/avr/4.3.3/avr5\libgcc.a(_gt_sf.o)
                                0x195 (size before relaxing)
 .debug_str     0x00000277        0x8 e:/cources/embeded_system/imt_school cource/01- avr/00-tools/01-imt sdk/copy of imt_sdk_win_64/imt_sdk_win_64/winavr/bin/../lib/gcc/avr/4.3.3/avr5\libgcc.a(_ge_sf.o)
                                0x195 (size before relaxing)
 .debug_str     0x0000027f        0x8 e:/cources/embeded_system/imt_school cource/01- avr/00-tools/01-imt sdk/copy of imt_sdk_win_64/imt_sdk_win_64/winavr/bin/../lib/gcc/avr/4.3.3/avr5\libgcc.a(_lt_sf.o)
                                0x195 (size before relaxing)
 .debug_str     0x00000287        0xa e:/cources/embeded_system/imt_school cource/01- avr/00-tools/01-imt sdk/copy of imt_sdk_win_64/imt_sdk_win_64/winavr/bin/../lib/gcc/avr/4.3.3/avr5\libgcc.a(_sf_to_si.o)
                                0x19e (size before relaxing)
 .debug_str     0x00000000      0x103 e:/cources/embeded_system/imt_school cource/01- avr/00-tools/01-imt sdk/copy of imt_sdk_win_64/imt_sdk_win_64/winavr/bin/../lib/gcc/avr/4.3.3/avr5\libgcc.a(_thenan_sf.o)
 .debug_str     0x00000291       0x16 e:/cources/embeded_system/imt_school cource/01- avr/00-tools/01-imt sdk/copy of imt_sdk_win_64/imt_sdk_win_64/winavr/bin/../lib/gcc/avr/4.3.3/avr5\libgcc.a(_pack_sf.o)
                                0x19d (size before relaxing)
 .debug_str     0x000002a7        0xb e:/cources/embeded_system/imt_school cource/01- avr/00-tools/01-imt sdk/copy of imt_sdk_win_64/imt_sdk_win_64/winavr/bin/../lib/gcc/avr/4.3.3/avr5\libgcc.a(_unpack_sf.o)
                                0x17f (size before relaxing)
 .debug_str     0x000002b2       0x10 e:/cources/embeded_system/imt_school cource/01- avr/00-tools/01-imt sdk/copy of imt_sdk_win_64/imt_sdk_win_64/winavr/bin/../lib/gcc/avr/4.3.3/avr5\libgcc.a(_fpcmp_parts_sf.o)
                                0x163 (size before relaxing)

.debug_loc      0x00000000      0x88e
 *(.debug_loc)
 .debug_loc     0x00000000       0x34 e:/cources/embeded_system/imt_school cource/01- avr/00-tools/01-imt sdk/copy of imt_sdk_win_64/imt_sdk_win_64/winavr/bin/../lib/gcc/avr/4.3.3/avr5\libgcc.a(_fixunssfsi.o)
 .debug_loc     0x00000034      0x32a e:/cources/embeded_system/imt_school cource/01- avr/00-tools/01-imt sdk/copy of imt_sdk_win_64/imt_sdk_win_64/winavr/bin/../lib/gcc/avr/4.3.3/avr5\libgcc.a(_addsub_sf.o)
 .debug_loc     0x0000035e      0x104 e:/cources/embeded_system/imt_school cource/01- avr/00-tools/01-imt sdk/copy of imt_sdk_win_64/imt_sdk_win_64/winavr/bin/../lib/gcc/avr/4.3.3/avr5\libgcc.a(_mul_sf.o)
 .debug_loc     0x00000462       0xc0 e:/cources/embeded_system/imt_school cource/01- avr/00-tools/01-imt sdk/copy of imt_sdk_win_64/imt_sdk_win_64/winavr/bin/../lib/gcc/avr/4.3.3/avr5\libgcc.a(_div_sf.o)
 .debug_loc     0x00000522       0x3c e:/cources/embeded_system/imt_school cource/01- avr/00-tools/01-imt sdk/copy of imt_sdk_win_64/imt_sdk_win_64/winavr/bin/../lib/gcc/avr/4.3.3/avr5\libgcc.a(_gt_sf.o)
 .debug_loc     0x0000055e       0x3c e:/cources/embeded_system/imt_school cource/01- avr/00-tools/01-imt sdk/copy of imt_sdk_win_64/imt_sdk_win_64/winavr/bin/../lib/gcc/avr/4.3.3/avr5\libgcc.a(_ge_sf.o)
 .debug_loc     0x0000059a       0x3c e:/cources/embeded_system/imt_school cource/01- avr/00-tools/01-imt sdk/copy of imt_sdk_win_64/imt_sdk_win_64/winavr/bin/../lib/gcc/avr/4.3.3/avr5\libgcc.a(_lt_sf.o)
 .debug_loc     0x000005d6       0x7e e:/cources/embeded_system/imt_school cource/01- avr/00-tools/01-imt sdk/copy of imt_sdk_win_64/imt_sdk_win_64/winavr/bin/../lib/gcc/avr/4.3.3/avr5\libgcc.a(_sf_to_si.o)
 .debug_loc     0x00000654      0x13e e:/cources/embeded_system/imt_school cource/01- avr/00-tools/01-imt sdk/copy of imt_sdk_win_64/imt_sdk_win_64/winavr/bin/../lib/gcc/avr/4.3.3/avr5\libgcc.a(_pack_sf.o)
 .debug_loc     0x00000792       0xac e:/cources/embeded_system/imt_school cource/01- avr/00-tools/01-imt sdk/copy of imt_sdk_win_64/imt_sdk_win_64/winavr/bin/../lib/gcc/avr/4.3.3/avr5\libgcc.a(_unpack_sf.o)
 .debug_loc     0x0000083e       0x50 e:/cources/embeded_system/imt_school cource/01- avr/00-tools/01-imt sdk/copy of imt_sdk_win_64/imt_sdk_win_64/winavr/bin/../lib/gcc/avr/4.3.3/avr5\libgcc.a(_fpcmp_parts_sf.o)

.debug_macinfo
 *(.debug_macinfo)
OUTPUT(Real_Time_Clock.elf elf32-avr)
LOAD linker stubs

.debug_ranges   0x00000000       0x50
 .debug_ranges  0x00000000       0x50 e:/cources/embeded_system/imt_school cource/01- avr/00-tools/01-imt sdk/copy of imt_sdk_win_64/imt_sdk_win_64/winavr/bin/../lib/gcc/avr/4.3.3/avr5\libgcc.a(_mul_sf.o)
