Archive member included because of file (symbol)

e:/cources/embeded_system/imt_school cource/01- avr/00-tools/01-imt sdk/copy of imt_sdk_win_64/imt_sdk_win_64/winavr/bin/../lib/gcc/avr/4.3.3/avr5\libgcc.a(_udivmodqi4.o)
                              ./mian.o (__udivmodqi4)
e:/cources/embeded_system/imt_school cource/01- avr/00-tools/01-imt sdk/copy of imt_sdk_win_64/imt_sdk_win_64/winavr/bin/../lib/gcc/avr/4.3.3/avr5\libgcc.a(_udivmodsi4.o)
                              ./LCD_Program.o (__udivmodsi4)
e:/cources/embeded_system/imt_school cource/01- avr/00-tools/01-imt sdk/copy of imt_sdk_win_64/imt_sdk_win_64/winavr/bin/../lib/gcc/avr/4.3.3/avr5\libgcc.a(_exit.o)
                              e:/cources/embeded_system/imt_school cource/01- avr/00-tools/01-imt sdk/copy of imt_sdk_win_64/imt_sdk_win_64/winavr/bin/../lib/gcc/avr/4.3.3/../../../../avr/lib/avr5/crtm32.o (exit)
e:/cources/embeded_system/imt_school cource/01- avr/00-tools/01-imt sdk/copy of imt_sdk_win_64/imt_sdk_win_64/winavr/bin/../lib/gcc/avr/4.3.3/avr5\libgcc.a(_copy_data.o)
                              ./KPD_program.o (__do_copy_data)
e:/cources/embeded_system/imt_school cource/01- avr/00-tools/01-imt sdk/copy of imt_sdk_win_64/imt_sdk_win_64/winavr/bin/../lib/gcc/avr/4.3.3/avr5\libgcc.a(_clear_bss.o)
                              ./mian.o (__do_clear_bss)
e:/cources/embeded_system/imt_school cource/01- avr/00-tools/01-imt sdk/copy of imt_sdk_win_64/imt_sdk_win_64/winavr/bin/../lib/gcc/avr/4.3.3/../../../../avr/lib/avr5\libc.a(itoa.o)
                              ./LCD_Program.o (itoa)
e:/cources/embeded_system/imt_school cource/01- avr/00-tools/01-imt sdk/copy of imt_sdk_win_64/imt_sdk_win_64/winavr/bin/../lib/gcc/avr/4.3.3/../../../../avr/lib/avr5\libc.a(strrev.o)
                              e:/cources/embeded_system/imt_school cource/01- avr/00-tools/01-imt sdk/copy of imt_sdk_win_64/imt_sdk_win_64/winavr/bin/../lib/gcc/avr/4.3.3/../../../../avr/lib/avr5\libc.a(itoa.o) (strrev)
e:/cources/embeded_system/imt_school cource/01- avr/00-tools/01-imt sdk/copy of imt_sdk_win_64/imt_sdk_win_64/winavr/bin/../lib/gcc/avr/4.3.3/avr5\libgcc.a(_udivmodhi4.o)
                              e:/cources/embeded_system/imt_school cource/01- avr/00-tools/01-imt sdk/copy of imt_sdk_win_64/imt_sdk_win_64/winavr/bin/../lib/gcc/avr/4.3.3/../../../../avr/lib/avr5\libc.a(itoa.o) (__udivmodhi4)

Memory Configuration

Name             Origin             Length             Attributes
text             0x00000000         0x00020000         xr
data             0x00800060         0x0000ffa0         rw !x
eeprom           0x00810000         0x00010000         rw !x
fuse             0x00820000         0x00000400         rw !x
lock             0x00830000         0x00000400         rw !x
signature        0x00840000         0x00000400         rw !x
*default*        0x00000000         0xffffffff

Linker script and memory map

LOAD e:/cources/embeded_system/imt_school cource/01- avr/00-tools/01-imt sdk/copy of imt_sdk_win_64/imt_sdk_win_64/winavr/bin/../lib/gcc/avr/4.3.3/../../../../avr/lib/avr5/crtm32.o
LOAD ./DIO_Program.o
LOAD ./KPD_program.o
LOAD ./LCD_Program.o
LOAD ./Sevenseg_Program.o
LOAD ./gi_program.o
LOAD ./mian.o
LOAD ./timer_program.o
LOAD e:/cources/embeded_system/imt_school cource/01- avr/00-tools/01-imt sdk/copy of imt_sdk_win_64/imt_sdk_win_64/winavr/bin/../lib/gcc/avr/4.3.3/avr5\libgcc.a
LOAD e:/cources/embeded_system/imt_school cource/01- avr/00-tools/01-imt sdk/copy of imt_sdk_win_64/imt_sdk_win_64/winavr/bin/../lib/gcc/avr/4.3.3/../../../../avr/lib/avr5\libc.a
LOAD e:/cources/embeded_system/imt_school cource/01- avr/00-tools/01-imt sdk/copy of imt_sdk_win_64/imt_sdk_win_64/winavr/bin/../lib/gcc/avr/4.3.3/avr5\libgcc.a

.hash
 *(.hash)

.dynsym
 *(.dynsym)

.dynstr
 *(.dynstr)

.gnu.version
 *(.gnu.version)

.gnu.version_d
 *(.gnu.version_d)

.gnu.version_r
 *(.gnu.version_r)

.rel.init
 *(.rel.init)

.rela.init
 *(.rela.init)

.rel.text
 *(.rel.text)
 *(.rel.text.*)
 *(.rel.gnu.linkonce.t*)

.rela.text
 *(.rela.text)
 *(.rela.text.*)
 *(.rela.gnu.linkonce.t*)

.rel.fini
 *(.rel.fini)

.rela.fini
 *(.rela.fini)

.rel.rodata
 *(.rel.rodata)
 *(.rel.rodata.*)
 *(.rel.gnu.linkonce.r*)

.rela.rodata
 *(.rela.rodata)
 *(.rela.rodata.*)
 *(.rela.gnu.linkonce.r*)

.rel.data
 *(.rel.data)
 *(.rel.data.*)
 *(.rel.gnu.linkonce.d*)

.rela.data
 *(.rela.data)
 *(.rela.data.*)
 *(.rela.gnu.linkonce.d*)

.rel.ctors
 *(.rel.ctors)

.rela.ctors
 *(.rela.ctors)

.rel.dtors
 *(.rel.dtors)

.rela.dtors
 *(.rela.dtors)

.rel.got
 *(.rel.got)

.rela.got
 *(.rela.got)

.rel.bss
 *(.rel.bss)

.rela.bss
 *(.rela.bss)

.rel.plt
 *(.rel.plt)

.rela.plt
 *(.rela.plt)

.text           0x00000000      0xe8c
 *(.vectors)
 .vectors       0x00000000       0x54 e:/cources/embeded_system/imt_school cource/01- avr/00-tools/01-imt sdk/copy of imt_sdk_win_64/imt_sdk_win_64/winavr/bin/../lib/gcc/avr/4.3.3/../../../../avr/lib/avr5/crtm32.o
                0x00000000                __vectors
                0x00000000                __vector_default
 *(.vectors)
 *(.progmem.gcc*)
 *(.progmem*)
                0x00000054                . = ALIGN (0x2)
                0x00000054                __trampolines_start = .
 *(.trampolines)
 .trampolines   0x00000054        0x0 linker stubs
 *(.trampolines*)
                0x00000054                __trampolines_end = .
 *(.jumptables)
 *(.jumptables*)
 *(.lowtext)
 *(.lowtext*)
                0x00000054                __ctors_start = .
 *(.ctors)
                0x00000054                __ctors_end = .
                0x00000054                __dtors_start = .
 *(.dtors)
                0x00000054                __dtors_end = .
 SORT(*)(.ctors)
 SORT(*)(.dtors)
 *(.init0)
 .init0         0x00000054        0x0 e:/cources/embeded_system/imt_school cource/01- avr/00-tools/01-imt sdk/copy of imt_sdk_win_64/imt_sdk_win_64/winavr/bin/../lib/gcc/avr/4.3.3/../../../../avr/lib/avr5/crtm32.o
                0x00000054                __init
 *(.init0)
 *(.init1)
 *(.init1)
 *(.init2)
 .init2         0x00000054        0xc e:/cources/embeded_system/imt_school cource/01- avr/00-tools/01-imt sdk/copy of imt_sdk_win_64/imt_sdk_win_64/winavr/bin/../lib/gcc/avr/4.3.3/../../../../avr/lib/avr5/crtm32.o
 *(.init2)
 *(.init3)
 *(.init3)
 *(.init4)
 .init4         0x00000060       0x16 e:/cources/embeded_system/imt_school cource/01- avr/00-tools/01-imt sdk/copy of imt_sdk_win_64/imt_sdk_win_64/winavr/bin/../lib/gcc/avr/4.3.3/avr5\libgcc.a(_copy_data.o)
                0x00000060                __do_copy_data
 .init4         0x00000076       0x10 e:/cources/embeded_system/imt_school cource/01- avr/00-tools/01-imt sdk/copy of imt_sdk_win_64/imt_sdk_win_64/winavr/bin/../lib/gcc/avr/4.3.3/avr5\libgcc.a(_clear_bss.o)
                0x00000076                __do_clear_bss
 *(.init4)
 *(.init5)
 *(.init5)
 *(.init6)
 *(.init6)
 *(.init7)
 *(.init7)
 *(.init8)
 *(.init8)
 *(.init9)
 .init9         0x00000086        0x8 e:/cources/embeded_system/imt_school cource/01- avr/00-tools/01-imt sdk/copy of imt_sdk_win_64/imt_sdk_win_64/winavr/bin/../lib/gcc/avr/4.3.3/../../../../avr/lib/avr5/crtm32.o
 *(.init9)
 *(.text)
 .text          0x0000008e        0x4 e:/cources/embeded_system/imt_school cource/01- avr/00-tools/01-imt sdk/copy of imt_sdk_win_64/imt_sdk_win_64/winavr/bin/../lib/gcc/avr/4.3.3/../../../../avr/lib/avr5/crtm32.o
                0x0000008e                __vector_1
                0x0000008e                __vector_12
                0x0000008e                __bad_interrupt
                0x0000008e                __vector_3
                0x0000008e                __vector_13
                0x0000008e                __vector_17
                0x0000008e                __vector_19
                0x0000008e                __vector_7
                0x0000008e                __vector_5
                0x0000008e                __vector_4
                0x0000008e                __vector_9
                0x0000008e                __vector_2
                0x0000008e                __vector_15
                0x0000008e                __vector_8
                0x0000008e                __vector_14
                0x0000008e                __vector_16
                0x0000008e                __vector_18
                0x0000008e                __vector_20
 .text          0x00000092        0x0 ./DIO_Program.o
 .text          0x00000092        0x0 ./KPD_program.o
 .text          0x00000092        0x0 ./LCD_Program.o
 .text          0x00000092        0x0 ./Sevenseg_Program.o
 .text          0x00000092        0x0 ./gi_program.o
 .text          0x00000092        0x0 ./mian.o
 .text          0x00000092        0x0 ./timer_program.o
 .text          0x00000092        0x0 e:/cources/embeded_system/imt_school cource/01- avr/00-tools/01-imt sdk/copy of imt_sdk_win_64/imt_sdk_win_64/winavr/bin/../lib/gcc/avr/4.3.3/avr5\libgcc.a(_udivmodqi4.o)
 .text          0x00000092        0x0 e:/cources/embeded_system/imt_school cource/01- avr/00-tools/01-imt sdk/copy of imt_sdk_win_64/imt_sdk_win_64/winavr/bin/../lib/gcc/avr/4.3.3/avr5\libgcc.a(_udivmodsi4.o)
 .text          0x00000092        0x0 e:/cources/embeded_system/imt_school cource/01- avr/00-tools/01-imt sdk/copy of imt_sdk_win_64/imt_sdk_win_64/winavr/bin/../lib/gcc/avr/4.3.3/avr5\libgcc.a(_exit.o)
 .text          0x00000092        0x0 e:/cources/embeded_system/imt_school cource/01- avr/00-tools/01-imt sdk/copy of imt_sdk_win_64/imt_sdk_win_64/winavr/bin/../lib/gcc/avr/4.3.3/avr5\libgcc.a(_copy_data.o)
 .text          0x00000092        0x0 e:/cources/embeded_system/imt_school cource/01- avr/00-tools/01-imt sdk/copy of imt_sdk_win_64/imt_sdk_win_64/winavr/bin/../lib/gcc/avr/4.3.3/avr5\libgcc.a(_clear_bss.o)
 .text          0x00000092        0x0 e:/cources/embeded_system/imt_school cource/01- avr/00-tools/01-imt sdk/copy of imt_sdk_win_64/imt_sdk_win_64/winavr/bin/../lib/gcc/avr/4.3.3/../../../../avr/lib/avr5\libc.a(itoa.o)
 .text          0x00000092        0x0 e:/cources/embeded_system/imt_school cource/01- avr/00-tools/01-imt sdk/copy of imt_sdk_win_64/imt_sdk_win_64/winavr/bin/../lib/gcc/avr/4.3.3/../../../../avr/lib/avr5\libc.a(strrev.o)
 .text          0x00000092        0x0 e:/cources/embeded_system/imt_school cource/01- avr/00-tools/01-imt sdk/copy of imt_sdk_win_64/imt_sdk_win_64/winavr/bin/../lib/gcc/avr/4.3.3/avr5\libgcc.a(_udivmodhi4.o)
                0x00000092                . = ALIGN (0x2)
 *(.text.*)
 .text.DIO_voidInit
                0x00000092       0x16 ./DIO_Program.o
                0x00000092                DIO_voidInit
 .text.DIO_u8SetPinDirection
                0x000000a8      0x10a ./DIO_Program.o
                0x000000a8                DIO_u8SetPinDirection
 .text.DIO_u8SetPinValue
                0x000001b2       0xfe ./DIO_Program.o
                0x000001b2                DIO_u8SetPinValue
 .text.DIO_u8GetPinValue
                0x000002b0       0x64 ./DIO_Program.o
                0x000002b0                DIO_u8GetPinValue
 .text.DIO_u8SetPortDirection
                0x00000314       0x64 ./DIO_Program.o
                0x00000314                DIO_u8SetPortDirection
 .text.DIO_u8SetPortValue
                0x00000378       0x28 ./DIO_Program.o
                0x00000378                DIO_u8SetPortValue
 .text.DIO_u8GetPortValue
                0x000003a0       0x32 ./DIO_Program.o
                0x000003a0                DIO_u8GetPortValue
 .text.KPD_u8GetKeyState
                0x000003d2      0x13e ./KPD_program.o
                0x000003d2                KPD_u8GetKeyState
 .text.LCD_IntToString
                0x00000510        0xa ./LCD_Program.o
                0x00000510                LCD_IntToString
 .text.LCD_voidWriteChar
                0x0000051a       0x3e ./LCD_Program.o
                0x0000051a                LCD_voidWriteChar
 .text.LCD_void_WriteNumber
                0x00000558       0xe0 ./LCD_Program.o
                0x00000558                LCD_void_WriteNumber
 .text.LCD_voidSendString
                0x00000638       0x26 ./LCD_Program.o
                0x00000638                LCD_voidSendString
 .text.LCD_voidSendInstruction
                0x0000065e       0x3e ./LCD_Program.o
                0x0000065e                LCD_voidSendInstruction
 .text.LCD_voidClearDisplay
                0x0000069c        0x8 ./LCD_Program.o
                0x0000069c                LCD_voidClearDisplay
 .text.LCD_voidGotoXY
                0x000006a4       0x24 ./LCD_Program.o
                0x000006a4                LCD_voidGotoXY
 .text.LCD_voidWriteSpecialChar
                0x000006c8       0x5a ./LCD_Program.o
                0x000006c8                LCD_voidWriteSpecialChar
 .text.LCD_voidInit
                0x00000722       0x58 ./LCD_Program.o
                0x00000722                LCD_voidInit
 .text.Sev_voidDisplayNumber
                0x0000077a       0x12 ./Sevenseg_Program.o
                0x0000077a                Sev_voidDisplayNumber
 .text.GI_interrupt_void_enable
                0x0000078c        0x8 ./gi_program.o
                0x0000078c                GI_interrupt_void_enable
 .text.GI_interrupt_void_disable
                0x00000794        0x8 ./gi_program.o
                0x00000794                GI_interrupt_void_disable
 .text.updata_TimeSecond
                0x0000079c        0xc ./mian.o
                0x0000079c                updata_TimeSecond
 .text.UpdataSetting_Clock
                0x000007a8       0x46 ./mian.o
                0x000007a8                UpdataSetting_Clock
 .text.GetSetting_Clock
                0x000007ee      0x130 ./mian.o
                0x000007ee                GetSetting_Clock
 .text.display_void_timeclock
                0x0000091e      0x168 ./mian.o
                0x0000091e                display_void_timeclock
 .text.main     0x00000a86      0x106 ./mian.o
                0x00000a86                main
 .text.TIMER_voidTimer0Init
                0x00000b8c       0x30 ./timer_program.o
                0x00000b8c                TIMER_voidTimer0Init
 .text.TIMER_u8Timer0SetCallBackOFV
                0x00000bbc       0x14 ./timer_program.o
                0x00000bbc                TIMER_u8Timer0SetCallBackOFV
 .text.__vector_11
                0x00000bd0       0x76 ./timer_program.o
                0x00000bd0                __vector_11
 .text.TIMER_u8Timer0SetCallBackOCR
                0x00000c46       0x14 ./timer_program.o
                0x00000c46                TIMER_u8Timer0SetCallBackOCR
 .text.__vector_10
                0x00000c5a       0x72 ./timer_program.o
                0x00000c5a                __vector_10
 .text.TIMER_voidTimer1Init
                0x00000ccc       0x2c ./timer_program.o
                0x00000ccc                TIMER_voidTimer1Init
 .text.TIMER_voidTimer0SetCompareValue
                0x00000cf8        0x4 ./timer_program.o
                0x00000cf8                TIMER_voidTimer0SetCompareValue
 .text.TIMER_voidTimer1ASetCompareValue
                0x00000cfc        0x6 ./timer_program.o
                0x00000cfc                TIMER_voidTimer1ASetCompareValue
 .text.TIMER_voidTimer1BSetCompareValue
                0x00000d02        0x6 ./timer_program.o
                0x00000d02                TIMER_voidTimer1BSetCompareValue
 .text.TIMER_voidTimer1SetInputCaptureValue
                0x00000d08        0x6 ./timer_program.o
                0x00000d08                TIMER_voidTimer1SetInputCaptureValue
 .text.ICU_voidInit
                0x00000d0e        0xe ./timer_program.o
                0x00000d0e                ICU_voidInit
 .text.ICU_voidSetTrigger
                0x00000d1c       0x1a ./timer_program.o
                0x00000d1c                ICU_voidSetTrigger
 .text.ICU_u16ReadInputCapture
                0x00000d36        0x8 ./timer_program.o
                0x00000d36                ICU_u16ReadInputCapture
 .text.ICU_voidInterruptDisbale
                0x00000d3e        0x8 ./timer_program.o
                0x00000d3e                ICU_voidInterruptDisbale
 .text.ICU_voidSetCallBack
                0x00000d46        0xa ./timer_program.o
                0x00000d46                ICU_voidSetCallBack
 .text.__vector_6
                0x00000d50       0x52 ./timer_program.o
                0x00000d50                __vector_6
 .text.libgcc   0x00000da2       0x18 e:/cources/embeded_system/imt_school cource/01- avr/00-tools/01-imt sdk/copy of imt_sdk_win_64/imt_sdk_win_64/winavr/bin/../lib/gcc/avr/4.3.3/avr5\libgcc.a(_udivmodqi4.o)
                0x00000da2                __udivmodqi4
 .text.libgcc   0x00000dba       0x44 e:/cources/embeded_system/imt_school cource/01- avr/00-tools/01-imt sdk/copy of imt_sdk_win_64/imt_sdk_win_64/winavr/bin/../lib/gcc/avr/4.3.3/avr5\libgcc.a(_udivmodsi4.o)
                0x00000dba                __udivmodsi4
 .text.libgcc   0x00000dfe        0x0 e:/cources/embeded_system/imt_school cource/01- avr/00-tools/01-imt sdk/copy of imt_sdk_win_64/imt_sdk_win_64/winavr/bin/../lib/gcc/avr/4.3.3/avr5\libgcc.a(_exit.o)
 .text.libgcc   0x00000dfe        0x0 e:/cources/embeded_system/imt_school cource/01- avr/00-tools/01-imt sdk/copy of imt_sdk_win_64/imt_sdk_win_64/winavr/bin/../lib/gcc/avr/4.3.3/avr5\libgcc.a(_copy_data.o)
 .text.libgcc   0x00000dfe        0x0 e:/cources/embeded_system/imt_school cource/01- avr/00-tools/01-imt sdk/copy of imt_sdk_win_64/imt_sdk_win_64/winavr/bin/../lib/gcc/avr/4.3.3/avr5\libgcc.a(_clear_bss.o)
 .text.avr-libc
                0x00000dfe       0x42 e:/cources/embeded_system/imt_school cource/01- avr/00-tools/01-imt sdk/copy of imt_sdk_win_64/imt_sdk_win_64/winavr/bin/../lib/gcc/avr/4.3.3/../../../../avr/lib/avr5\libc.a(itoa.o)
                0x00000dfe                itoa
 .text.avr-libc
                0x00000e40       0x20 e:/cources/embeded_system/imt_school cource/01- avr/00-tools/01-imt sdk/copy of imt_sdk_win_64/imt_sdk_win_64/winavr/bin/../lib/gcc/avr/4.3.3/../../../../avr/lib/avr5\libc.a(strrev.o)
                0x00000e40                strrev
 .text.libgcc   0x00000e60       0x28 e:/cources/embeded_system/imt_school cource/01- avr/00-tools/01-imt sdk/copy of imt_sdk_win_64/imt_sdk_win_64/winavr/bin/../lib/gcc/avr/4.3.3/avr5\libgcc.a(_udivmodhi4.o)
                0x00000e60                __udivmodhi4
                0x00000e88                . = ALIGN (0x2)
 *(.fini9)
 .fini9         0x00000e88        0x0 e:/cources/embeded_system/imt_school cource/01- avr/00-tools/01-imt sdk/copy of imt_sdk_win_64/imt_sdk_win_64/winavr/bin/../lib/gcc/avr/4.3.3/avr5\libgcc.a(_exit.o)
                0x00000e88                exit
                0x00000e88                _exit
 *(.fini9)
 *(.fini8)
 *(.fini8)
 *(.fini7)
 *(.fini7)
 *(.fini6)
 *(.fini6)
 *(.fini5)
 *(.fini5)
 *(.fini4)
 *(.fini4)
 *(.fini3)
 *(.fini3)
 *(.fini2)
 *(.fini2)
 *(.fini1)
 *(.fini1)
 *(.fini0)
 .fini0         0x00000e88        0x4 e:/cources/embeded_system/imt_school cource/01- avr/00-tools/01-imt sdk/copy of imt_sdk_win_64/imt_sdk_win_64/winavr/bin/../lib/gcc/avr/4.3.3/avr5\libgcc.a(_exit.o)
 *(.fini0)
                0x00000e8c                _etext = .

.data           0x00800060       0xa6 load address 0x00000e8c
                0x00800060                PROVIDE (__data_start, .)
 *(.data)
 .data          0x00800060        0x0 e:/cources/embeded_system/imt_school cource/01- avr/00-tools/01-imt sdk/copy of imt_sdk_win_64/imt_sdk_win_64/winavr/bin/../lib/gcc/avr/4.3.3/../../../../avr/lib/avr5/crtm32.o
 .data          0x00800060        0x0 ./DIO_Program.o
 .data          0x00800060        0x0 ./KPD_program.o
 .data          0x00800060        0x0 ./LCD_Program.o
 .data          0x00800060        0x0 ./Sevenseg_Program.o
 .data          0x00800060        0x0 ./gi_program.o
 .data          0x00800060       0x7d ./mian.o
 .data          0x008000dd        0x0 ./timer_program.o
 .data          0x008000dd        0x0 e:/cources/embeded_system/imt_school cource/01- avr/00-tools/01-imt sdk/copy of imt_sdk_win_64/imt_sdk_win_64/winavr/bin/../lib/gcc/avr/4.3.3/avr5\libgcc.a(_udivmodqi4.o)
 .data          0x008000dd        0x0 e:/cources/embeded_system/imt_school cource/01- avr/00-tools/01-imt sdk/copy of imt_sdk_win_64/imt_sdk_win_64/winavr/bin/../lib/gcc/avr/4.3.3/avr5\libgcc.a(_udivmodsi4.o)
 .data          0x008000dd        0x0 e:/cources/embeded_system/imt_school cource/01- avr/00-tools/01-imt sdk/copy of imt_sdk_win_64/imt_sdk_win_64/winavr/bin/../lib/gcc/avr/4.3.3/avr5\libgcc.a(_exit.o)
 .data          0x008000dd        0x0 e:/cources/embeded_system/imt_school cource/01- avr/00-tools/01-imt sdk/copy of imt_sdk_win_64/imt_sdk_win_64/winavr/bin/../lib/gcc/avr/4.3.3/avr5\libgcc.a(_copy_data.o)
 .data          0x008000dd        0x0 e:/cources/embeded_system/imt_school cource/01- avr/00-tools/01-imt sdk/copy of imt_sdk_win_64/imt_sdk_win_64/winavr/bin/../lib/gcc/avr/4.3.3/avr5\libgcc.a(_clear_bss.o)
 .data          0x008000dd        0x0 e:/cources/embeded_system/imt_school cource/01- avr/00-tools/01-imt sdk/copy of imt_sdk_win_64/imt_sdk_win_64/winavr/bin/../lib/gcc/avr/4.3.3/../../../../avr/lib/avr5\libc.a(itoa.o)
 .data          0x008000dd        0x0 e:/cources/embeded_system/imt_school cource/01- avr/00-tools/01-imt sdk/copy of imt_sdk_win_64/imt_sdk_win_64/winavr/bin/../lib/gcc/avr/4.3.3/../../../../avr/lib/avr5\libc.a(strrev.o)
 .data          0x008000dd        0x0 e:/cources/embeded_system/imt_school cource/01- avr/00-tools/01-imt sdk/copy of imt_sdk_win_64/imt_sdk_win_64/winavr/bin/../lib/gcc/avr/4.3.3/avr5\libgcc.a(_udivmodhi4.o)
 *(.data*)
 *(.rodata)
 *(.rodata*)
 .rodata.KPD_Au8Keys
                0x008000dd       0x10 ./KPD_program.o
                0x008000dd                KPD_Au8Keys
 .rodata.KPD_Au8RowsPins
                0x008000ed        0x4 ./KPD_program.o
                0x008000ed                KPD_Au8RowsPins
 .rodata.KPD_Au8ColsPins
                0x008000f1        0x4 ./KPD_program.o
                0x008000f1                KPD_Au8ColsPins
 .rodata.seg    0x008000f5        0xa ./Sevenseg_Program.o
 .rodata.C.0.1348
                0x008000ff        0x6 ./mian.o
 *(.gnu.linkonce.d*)
                0x00800106                . = ALIGN (0x2)
 *fill*         0x00800105        0x1 00
                0x00800106                _edata = .
                0x00800106                PROVIDE (__data_end, .)

.bss            0x00800106        0xd
                0x00800106                PROVIDE (__bss_start, .)
 *(.bss)
 .bss           0x00800106        0x0 e:/cources/embeded_system/imt_school cource/01- avr/00-tools/01-imt sdk/copy of imt_sdk_win_64/imt_sdk_win_64/winavr/bin/../lib/gcc/avr/4.3.3/../../../../avr/lib/avr5/crtm32.o
 .bss           0x00800106        0x0 ./DIO_Program.o
 .bss           0x00800106        0x0 ./KPD_program.o
 .bss           0x00800106        0x0 ./LCD_Program.o
 .bss           0x00800106        0x0 ./Sevenseg_Program.o
 .bss           0x00800106        0x0 ./gi_program.o
 .bss           0x00800106        0x0 ./mian.o
 .bss           0x00800106        0x0 ./timer_program.o
 .bss           0x00800106        0x0 e:/cources/embeded_system/imt_school cource/01- avr/00-tools/01-imt sdk/copy of imt_sdk_win_64/imt_sdk_win_64/winavr/bin/../lib/gcc/avr/4.3.3/avr5\libgcc.a(_udivmodqi4.o)
 .bss           0x00800106        0x0 e:/cources/embeded_system/imt_school cource/01- avr/00-tools/01-imt sdk/copy of imt_sdk_win_64/imt_sdk_win_64/winavr/bin/../lib/gcc/avr/4.3.3/avr5\libgcc.a(_udivmodsi4.o)
 .bss           0x00800106        0x0 e:/cources/embeded_system/imt_school cource/01- avr/00-tools/01-imt sdk/copy of imt_sdk_win_64/imt_sdk_win_64/winavr/bin/../lib/gcc/avr/4.3.3/avr5\libgcc.a(_exit.o)
 .bss           0x00800106        0x0 e:/cources/embeded_system/imt_school cource/01- avr/00-tools/01-imt sdk/copy of imt_sdk_win_64/imt_sdk_win_64/winavr/bin/../lib/gcc/avr/4.3.3/avr5\libgcc.a(_copy_data.o)
 .bss           0x00800106        0x0 e:/cources/embeded_system/imt_school cource/01- avr/00-tools/01-imt sdk/copy of imt_sdk_win_64/imt_sdk_win_64/winavr/bin/../lib/gcc/avr/4.3.3/avr5\libgcc.a(_clear_bss.o)
 .bss           0x00800106        0x0 e:/cources/embeded_system/imt_school cource/01- avr/00-tools/01-imt sdk/copy of imt_sdk_win_64/imt_sdk_win_64/winavr/bin/../lib/gcc/avr/4.3.3/../../../../avr/lib/avr5\libc.a(itoa.o)
 .bss           0x00800106        0x0 e:/cources/embeded_system/imt_school cource/01- avr/00-tools/01-imt sdk/copy of imt_sdk_win_64/imt_sdk_win_64/winavr/bin/../lib/gcc/avr/4.3.3/../../../../avr/lib/avr5\libc.a(strrev.o)
 .bss           0x00800106        0x0 e:/cources/embeded_system/imt_school cource/01- avr/00-tools/01-imt sdk/copy of imt_sdk_win_64/imt_sdk_win_64/winavr/bin/../lib/gcc/avr/4.3.3/avr5\libgcc.a(_udivmodhi4.o)
 *(.bss*)
 .bss.count_Second
                0x00800106        0x1 ./mian.o
                0x00800106                count_Second
 .bss.count_Hours
                0x00800107        0x1 ./mian.o
                0x00800107                count_Hours
 .bss.count_Minutes
                0x00800108        0x1 ./mian.o
                0x00800108                count_Minutes
 .bss.TIMER_pvICUNotificationFunction
                0x00800109        0x2 ./timer_program.o
 .bss.TIMER_pvTimer0ISROCR
                0x0080010b        0x2 ./timer_program.o
 .bss.local_counter.1309
                0x0080010d        0x2 ./timer_program.o
 .bss.TIMER_pvTimer0ISROFV
                0x0080010f        0x2 ./timer_program.o
 .bss.local_counter.1293
                0x00800111        0x2 ./timer_program.o
 *(COMMON)
                0x00800113                PROVIDE (__bss_end, .)
                0x00000e8c                __data_load_start = LOADADDR (.data)
                0x00000f32                __data_load_end = (__data_load_start + SIZEOF (.data))

.noinit         0x00800113        0x0
                0x00800113                PROVIDE (__noinit_start, .)
 *(.noinit*)
                0x00800113                PROVIDE (__noinit_end, .)
                0x00800113                _end = .
                0x00800113                PROVIDE (__heap_start, .)

.eeprom         0x00810000        0x0
 *(.eeprom*)
                0x00810000                __eeprom_end = .

.fuse
 *(.fuse)
 *(.lfuse)
 *(.hfuse)
 *(.efuse)

.lock
 *(.lock*)

.signature
 *(.signature*)

.stab
 *(.stab)

.stabstr
 *(.stabstr)

.stab.excl
 *(.stab.excl)

.stab.exclstr
 *(.stab.exclstr)

.stab.index
 *(.stab.index)

.stab.indexstr
 *(.stab.indexstr)

.comment
 *(.comment)

.debug
 *(.debug)

.line
 *(.line)

.debug_srcinfo
 *(.debug_srcinfo)

.debug_sfnames
 *(.debug_sfnames)

.debug_aranges
 *(.debug_aranges)

.debug_pubnames
 *(.debug_pubnames)

.debug_info
 *(.debug_info)
 *(.gnu.linkonce.wi.*)

.debug_abbrev
 *(.debug_abbrev)

.debug_line
 *(.debug_line)

.debug_frame
 *(.debug_frame)

.debug_str
 *(.debug_str)

.debug_loc
 *(.debug_loc)

.debug_macinfo
 *(.debug_macinfo)
OUTPUT(Real_Time_Clock.elf elf32-avr)
LOAD linker stubs
